src/__tests__/integration/LeaveManagement.test.tsx(2,33): error TS2307: Cannot find module '@/app/leave/page' or its corresponding type declarations.
src/__tests__/integration/LeaveManagement.test.tsx(64,1): error TS2582: Cannot find name 'describe'. Do you need to install type definitions for a test runner? Try `npm i --save-dev @types/jest` or `npm i --save-dev @types/mocha`.
src/__tests__/integration/LeaveManagement.test.tsx(81,3): error TS2304: Cannot find name 'beforeEach'.
src/__tests__/integration/LeaveManagement.test.tsx(86,3): error TS2582: Cannot find name 'it'. Do you need to install type definitions for a test runner? Try `npm i --save-dev @types/jest` or `npm i --save-dev @types/mocha`.
src/__tests__/integration/LeaveManagement.test.tsx(90,5): error TS2304: Cannot find name 'expect'.
src/__tests__/integration/LeaveManagement.test.tsx(91,5): error TS2304: Cannot find name 'expect'.
src/__tests__/integration/LeaveManagement.test.tsx(92,5): error TS2304: Cannot find name 'expect'.
src/__tests__/integration/LeaveManagement.test.tsx(96,7): error TS2304: Cannot find name 'expect'.
src/__tests__/integration/LeaveManagement.test.tsx(97,7): error TS2304: Cannot find name 'expect'.
src/__tests__/integration/LeaveManagement.test.tsx(101,5): error TS2304: Cannot find name 'expect'.
src/__tests__/integration/LeaveManagement.test.tsx(102,5): error TS2304: Cannot find name 'expect'.
src/__tests__/integration/LeaveManagement.test.tsx(103,5): error TS2304: Cannot find name 'expect'.
src/__tests__/integration/LeaveManagement.test.tsx(106,3): error TS2582: Cannot find name 'it'. Do you need to install type definitions for a test runner? Try `npm i --save-dev @types/jest` or `npm i --save-dev @types/mocha`.
src/__tests__/integration/LeaveManagement.test.tsx(133,7): error TS2304: Cannot find name 'expect'.
src/__tests__/integration/LeaveManagement.test.tsx(133,14): error TS2304: Cannot find name 'createLeaveRequest'.
src/__tests__/integration/LeaveManagement.test.tsx(143,5): error TS2304: Cannot find name 'expect'.
src/__tests__/integration/LeaveManagement.test.tsx(146,3): error TS2582: Cannot find name 'it'. Do you need to install type definitions for a test runner? Try `npm i --save-dev @types/jest` or `npm i --save-dev @types/mocha`.
src/__tests__/integration/LeaveManagement.test.tsx(161,5): error TS2304: Cannot find name 'expect'.
src/__tests__/integration/LeaveManagement.test.tsx(164,3): error TS2582: Cannot find name 'it'. Do you need to install type definitions for a test runner? Try `npm i --save-dev @types/jest` or `npm i --save-dev @types/mocha`.
src/__tests__/integration/LeaveManagement.test.tsx(168,63): error TS2339: Property 'closest' does not exist on type 'Promise<HTMLElement>'.
src/__tests__/integration/LeaveManagement.test.tsx(174,7): error TS2304: Cannot find name 'expect'.
src/__tests__/integration/LeaveManagement.test.tsx(175,7): error TS2304: Cannot find name 'expect'.
src/__tests__/integration/LeaveManagement.test.tsx(176,7): error TS2304: Cannot find name 'expect'.
src/__tests__/integration/LeaveManagement.test.tsx(177,7): error TS2304: Cannot find name 'expect'.
src/__tests__/setup.ts(9,10): error TS2304: Cannot find name 'vi'.
src/__tests__/setup.ts(9,37): error TS7006: Parameter 'query' implicitly has an 'any' type.
src/__tests__/setup.ts(13,18): error TS2304: Cannot find name 'vi'.
src/__tests__/setup.ts(14,21): error TS2304: Cannot find name 'vi'.
src/__tests__/setup.ts(15,23): error TS2304: Cannot find name 'vi'.
src/__tests__/setup.ts(16,26): error TS2304: Cannot find name 'vi'.
src/__tests__/setup.ts(17,20): error TS2304: Cannot find name 'vi'.
src/__tests__/setup.ts(24,3): error TS2304: Cannot find name 'vi'.
src/__tests__/test-utils.tsx(20,7): error TS2353: Object literal may only specify known properties, and 'cacheTime' does not exist in type 'OmitKeyof<QueryObserverOptions<unknown, Error, unknown, unknown, QueryKey, never>, "suspense" | "queryKey", "strictly">'.
src/App.optimized.tsx(44,10): error TS2307: Cannot find module './components/dashboard/LiveDashboard' or its corresponding type declarations.
src/App.optimized.tsx(60,10): error TS2307: Cannot find module './components/leave/ComprehensiveLeaveManagement' or its corresponding type declarations.
src/App.optimized.tsx(63,10): error TS2307: Cannot find module './components/attendance/ComprehensiveAttendanceSystem' or its corresponding type declarations.
src/App.optimized.tsx(251,32): error TS2339: Property 'preload' does not exist on type 'LazyExoticComponent<FC<{}>>'.
src/App.optimized.tsx(252,27): error TS2339: Property 'preload' does not exist on type 'LazyExoticComponent<ComponentType<any>>'.
src/App.optimized.tsx(258,33): error TS2339: Property 'preload' does not exist on type 'LazyExoticComponent<FC<{}>>'.
src/App.optimized.tsx(259,25): error TS2339: Property 'preload' does not exist on type 'LazyExoticComponent<FC<{}>>'.
src/App.optimized.tsx(263,31): error TS2339: Property 'preload' does not exist on type 'LazyExoticComponent<ComponentType<any>>'.
src/App.optimized.tsx(264,32): error TS2339: Property 'preload' does not exist on type 'LazyExoticComponent<ComponentType<any>>'.
src/App.optimized.tsx(268,32): error TS2339: Property 'preload' does not exist on type 'LazyExoticComponent<() => Element>'.
src/App.optimized.tsx(269,34): error TS2339: Property 'preload' does not exist on type 'LazyExoticComponent<() => Element>'.
src/app/layout.tsx(5,36): error TS2307: Cannot find module 'primereact/api' or its corresponding type declarations.
src/app/layout.tsx(6,23): error TS2307: Cannot find module '@/theme' or its corresponding type declarations.
src/components/admin/DatabaseAdminPanel.tsx(100,78): error TS18046: 'error' is of type 'unknown'.
src/components/admin/DatabaseAdminPanel.tsx(120,31): error TS2339: Property 'error' does not exist on type '{ success: boolean; message: string; }'.
src/components/ai/AIResumeAnalyzer.tsx(148,26): error TS7006: Parameter 'job' implicitly has an 'any' type.
src/components/attendance/Attendance.tsx(723,11): error TS2353: Object literal may only specify known properties, and 'employee_id' does not exist in type '{ latitude?: number | undefined; longitude?: number | undefined; notes?: string | undefined; }'.
src/components/attendance/index.ts(3,43): error TS2307: Cannot find module './ComprehensiveAttendanceSystem' or its corresponding type declarations.
src/components/attendance/LateArrivalsTracker.tsx(3,26): error TS2307: Cannot find module '@tantml:react-query' or its corresponding type declarations.
src/components/attendance/RealTimeAttendanceDashboard.tsx(88,17): error TS2353: Object literal may only specify known properties, and 'date' does not exist in type '{ employeeId?: string | undefined; startDate?: string | undefined; endDate?: string | undefined; status?: string[] | undefined; limit?: number | undefined; }'.
src/components/attendance/RealTimeAttendanceDashboard.tsx(486,82): error TS18048: 'employee.work_hours' is possibly 'undefined'.
src/components/attendance/SmartAttendance.tsx(411,13): error TS2353: Object literal may only specify known properties, and 'employee_id' does not exist in type '{ latitude?: number | undefined; longitude?: number | undefined; clock_in_type?: string | undefined; notes?: string | undefined; }'.
src/components/attendance/SmartAttendance.tsx(420,13): error TS2353: Object literal may only specify known properties, and 'employee_id' does not exist in type '{ latitude?: number | undefined; longitude?: number | undefined; notes?: string | undefined; }'.
src/components/attendance/SmartAttendance.tsx(630,15): error TS2769: No overload matches this call.
  Overload 1 of 2, '(props: { component: ElementType<any>; } & ChipOwnProps & ChipSlotsAndSlotProps & CommonProps & Omit<any, "children" | ... 17 more ... | "slotProps">): any', gave the following error.
    Type 'string | number | true | ReactElement<any, string | JSXElementConstructor<any>> | ReactFragment | undefined' is not assignable to type 'ReactElement<unknown, string | JSXElementConstructor<any>> | undefined'.
      Type 'string' is not assignable to type 'ReactElement<unknown, string | JSXElementConstructor<any>>'.
  Overload 2 of 2, '(props: DefaultComponentProps<ChipTypeMap<{}, "div">>): any', gave the following error.
    Type 'string | number | true | ReactElement<any, string | JSXElementConstructor<any>> | ReactFragment | undefined' is not assignable to type 'ReactElement<unknown, string | JSXElementConstructor<any>> | undefined'.
src/components/auth/EnhancedLoginPage.tsx(24,3): error TS2724: '"../../services/advancedLoginService"' has no exported member named 'advancedLoginService'. Did you mean 'AdvancedLoginService'?
src/components/auth/EnhancedLoginPage.tsx(27,3): error TS2305: Module '"../../services/advancedLoginService"' has no exported member 'TemporaryPasswordResult'.
src/components/auth/index.ts(13,10): error TS2305: Module '"./LoginPage"' has no exported member 'default'.
src/components/auth/index.ts(16,10): error TS2305: Module '"./AuthGuard"' has no exported member 'default'.
src/components/auth/PermissionGuard.tsx(34,26): error TS2614: Module '"../../hooks/usePermissions"' has no exported member 'useRouteAccess'. Did you mean to use 'import useRouteAccess from "../../hooks/usePermissions"' instead?
src/components/auth/PermissionGuard.tsx(342,38): error TS2551: Property 'permissions' does not exist on type '{ hasPermission: (permission: string) => boolean; hasAnyPermission: (permissions: string[]) => boolean; hasAllPermissions: (permissions: string[]) => boolean; canAccess: (resource: ResourceType, action: ActionType) => boolean; ... 15 more ...; profile: any; }'. Did you mean 'hasPermission'?
src/components/auth/PermissionGuard.tsx(347,64): error TS2551: Property 'permissions' does not exist on type '{ hasPermission: (permission: string) => boolean; hasAnyPermission: (permissions: string[]) => boolean; hasAllPermissions: (permissions: string[]) => boolean; canAccess: (resource: ResourceType, action: ActionType) => boolean; ... 15 more ...; profile: any; }'. Did you mean 'hasPermission'?
src/components/auth/PermissionGuard.tsx(351,48): error TS2551: Property 'permissions' does not exist on type '{ hasPermission: (permission: string) => boolean; hasAnyPermission: (permissions: string[]) => boolean; hasAllPermissions: (permissions: string[]) => boolean; canAccess: (resource: ResourceType, action: ActionType) => boolean; ... 15 more ...; profile: any; }'. Did you mean 'hasPermission'?
src/components/auth/PermissionGuard.tsx(351,77): error TS7006: Parameter 'permission' implicitly has an 'any' type.
src/components/auth/PermissionGuard.tsx(361,48): error TS2551: Property 'permissions' does not exist on type '{ hasPermission: (permission: string) => boolean; hasAnyPermission: (permissions: string[]) => boolean; hasAllPermissions: (permissions: string[]) => boolean; canAccess: (resource: ResourceType, action: ActionType) => boolean; ... 15 more ...; profile: any; }'. Did you mean 'hasPermission'?
src/components/auth/PermissionGuard.tsx(363,62): error TS2551: Property 'permissions' does not exist on type '{ hasPermission: (permission: string) => boolean; hasAnyPermission: (permissions: string[]) => boolean; hasAllPermissions: (permissions: string[]) => boolean; canAccess: (resource: ResourceType, action: ActionType) => boolean; ... 15 more ...; profile: any; }'. Did you mean 'hasPermission'?
src/components/auth/RoleBasedLoginSelector.tsx(67,16): error TS7053: Element implicitly has an 'any' type because expression of type '350' can't be used to index type '{ readonly 50: "#f0f8fe"; readonly 100: "#deedfb"; readonly 200: "#c4e2f9"; readonly 300: "#9bcff5"; readonly 400: "#6bb5ef"; readonly 500: "#4997e8"; readonly 600: "#347bdc"; readonly 700: "#2962c2"; readonly 800: "#2954a4"; readonly 900: "#264882"; readonly 950: "#1b2d50"; }'.
  Property '350' does not exist on type '{ readonly 50: "#f0f8fe"; readonly 100: "#deedfb"; readonly 200: "#c4e2f9"; readonly 300: "#9bcff5"; readonly 400: "#6bb5ef"; readonly 500: "#4997e8"; readonly 600: "#347bdc"; readonly 700: "#2962c2"; readonly 800: "#2954a4"; readonly 900: "#264882"; readonly 950: "#1b2d50"; }'.
src/components/common/AdvancedSearch.tsx(26,3): error TS2305: Module '"@mui/material"' has no exported member 'DatePicker'.
src/components/common/DesignSystemUtils.tsx(28,13): error TS2698: Spread types may only be created from object types.
src/components/common/DesignSystemUtils.tsx(38,13): error TS2698: Spread types may only be created from object types.
src/components/common/DesignSystemUtils.tsx(51,13): error TS2698: Spread types may only be created from object types.
src/components/common/DesignSystemUtils.tsx(116,32): error TS2339: Property 'getFontSize' does not exist on type 'ResponsiveUtils'.
src/components/common/DesignSystemUtils.tsx(124,32): error TS2339: Property 'getFontSize' does not exist on type 'ResponsiveUtils'.
src/components/common/DesignSystemUtils.tsx(132,32): error TS2339: Property 'getFontSize' does not exist on type 'ResponsiveUtils'.
src/components/common/DesignSystemUtils.tsx(139,32): error TS2339: Property 'getFontSize' does not exist on type 'ResponsiveUtils'.
src/components/common/DesignSystemUtils.tsx(166,63): error TS2554: Expected 2-3 arguments, but got 4.
src/components/common/HelpCenter.tsx(49,3): error TS2305: Module '"@mui/icons-material"' has no exported member 'BookOpen'.
src/components/common/HelpCenter.tsx(386,37): error TS2349: This expression is not callable.
  Type 'Theme' has no call signatures.
src/components/common/HelpCenter.tsx(625,21): error TS2769: No overload matches this call.
  Overload 1 of 2, '(props: { component: ElementType<any>; } & ListItemOwnProps & CommonProps & Omit<any, "children" | "style" | "components" | "alignItems" | ... 12 more ... | "secondaryAction">): any', gave the following error.
    Property 'component' is missing in type '{ children: Element[]; key: string; button: true; onClick: () => void; }' but required in type '{ component: ElementType<any>; }'.
  Overload 2 of 2, '(props: DefaultComponentProps<ListItemTypeMap<{}, "li">>): any', gave the following error.
    Type '{ children: Element[]; key: string; button: true; onClick: () => void; }' is not assignable to type 'IntrinsicAttributes & ListItemOwnProps & CommonProps & Omit<Omit<DetailedHTMLProps<LiHTMLAttributes<HTMLLIElement>, HTMLLIElement>, "ref"> & { ...; }, "children" | ... 15 more ... | "secondaryAction">'.
      Property 'button' does not exist on type 'IntrinsicAttributes & ListItemOwnProps & CommonProps & Omit<Omit<DetailedHTMLProps<LiHTMLAttributes<HTMLLIElement>, HTMLLIElement>, "ref"> & { ...; }, "children" | ... 15 more ... | "secondaryAction">'.
src/components/common/HelpCenter.tsx(650,19): error TS2769: No overload matches this call.
  Overload 1 of 2, '(props: { component: ElementType<any>; } & ListItemOwnProps & CommonProps & Omit<any, "children" | "style" | "components" | "alignItems" | ... 12 more ... | "secondaryAction">): any', gave the following error.
    Property 'component' is missing in type '{ children: Element[]; key: string; button: true; onClick: () => void; }' but required in type '{ component: ElementType<any>; }'.
  Overload 2 of 2, '(props: DefaultComponentProps<ListItemTypeMap<{}, "li">>): any', gave the following error.
    Type '{ children: Element[]; key: string; button: true; onClick: () => void; }' is not assignable to type 'IntrinsicAttributes & ListItemOwnProps & CommonProps & Omit<Omit<DetailedHTMLProps<LiHTMLAttributes<HTMLLIElement>, HTMLLIElement>, "ref"> & { ...; }, "children" | ... 15 more ... | "secondaryAction">'.
      Property 'button' does not exist on type 'IntrinsicAttributes & ListItemOwnProps & CommonProps & Omit<Omit<DetailedHTMLProps<LiHTMLAttributes<HTMLLIElement>, HTMLLIElement>, "ref"> & { ...; }, "children" | ... 15 more ... | "secondaryAction">'.
src/components/common/LazyLoadWrapper.tsx(109,75): error TS2554: Expected 0-1 arguments, but got 2.
src/components/common/LazyLoadWrapper.tsx(220,59): error TS2554: Expected 0-1 arguments, but got 2.
src/components/common/LazyLoadWrapper.tsx(276,8): error TS2322: Type '{ crossOrigin?: "" | "anonymous" | "use-credentials" | undefined; decoding?: "auto" | "async" | "sync" | undefined; height?: string | number | undefined; loading?: "eager" | "lazy" | undefined; ... 268 more ...; transition: { ...; } | undefined; }' is not assignable to type 'MotionProps'.
  Types of property 'onAnimationStart' are incompatible.
    Type 'AnimationEventHandler<HTMLImageElement> | undefined' is not assignable to type '((definition: AnimationDefinition) => void) | undefined'.
      Type 'AnimationEventHandler<HTMLImageElement>' is not assignable to type '(definition: AnimationDefinition) => void'.
        Types of parameters 'event' and 'definition' are incompatible.
          Type 'AnimationDefinition' is not assignable to type 'AnimationEvent<HTMLImageElement>'.
            Type 'string' is not assignable to type 'AnimationEvent<HTMLImageElement>'.
src/components/common/LazyLoadWrapper.tsx(324,59): error TS2554: Expected 0-1 arguments, but got 2.
src/components/common/MessageCenter.tsx(65,3): error TS2724: '"@mui/icons-material"' has no exported member named 'Notification'. Did you mean 'Notifications'?
src/components/common/MessageCenter.tsx(66,3): error TS2305: Module '"@mui/icons-material"' has no exported member 'Priority'.
src/components/common/MessageCenter.tsx(868,40): error TS2345: Argument of type '(prev: { to: Contact[]; cc: Contact[]; bcc: Contact[]; subject: string; body: string; priority: "normal" | "high" | "low"; category: "hr" | "personal" | "finance" | "general" | "it" | "announcement"; attachments: File[]; }) => { ...; }' is not assignable to parameter of type 'SetStateAction<{ to: Contact[]; cc: Contact[]; bcc: Contact[]; subject: string; body: string; priority: "normal" | "high" | "low"; category: "hr" | "personal" | "finance" | "general" | "it" | "announcement"; attachments: File[]; }>'.
  Type '(prev: { to: Contact[]; cc: Contact[]; bcc: Contact[]; subject: string; body: string; priority: "normal" | "high" | "low"; category: "hr" | "personal" | "finance" | "general" | "it" | "announcement"; attachments: File[]; }) => { ...; }' is not assignable to type '(prevState: { to: Contact[]; cc: Contact[]; bcc: Contact[]; subject: string; body: string; priority: "normal" | "high" | "low"; category: "hr" | "personal" | "finance" | "general" | "it" | "announcement"; attachments: File[]; }) => { ...; }'.
    Call signature return types '{ to: { id: string; name: string; email: string; avatar?: string | undefined; role?: string | undefined; }[]; subject: string; cc: Contact[]; bcc: Contact[]; body: string; priority: "normal" | "high" | "low"; category: "hr" | ... 4 more ... | "announcement"; attachments: File[]; }' and '{ to: Contact[]; cc: Contact[]; bcc: Contact[]; subject: string; body: string; priority: "normal" | "high" | "low"; category: "hr" | "personal" | "finance" | "general" | "it" | "announcement"; attachments: File[]; }' are incompatible.
      The types of 'to' are incompatible between these types.
        Type '{ id: string; name: string; email: string; avatar?: string | undefined; role?: string | undefined; }[]' is not assignable to type 'Contact[]'.
          Property 'status' is missing in type '{ id: string; name: string; email: string; avatar?: string | undefined; role?: string | undefined; }' but required in type 'Contact'.
src/components/common/MessageCenter.tsx(967,42): error TS2345: Argument of type '(prev: { to: Contact[]; cc: Contact[]; bcc: Contact[]; subject: string; body: string; priority: "normal" | "high" | "low"; category: "hr" | "personal" | "finance" | "general" | "it" | "announcement"; attachments: File[]; }) => { ...; }' is not assignable to parameter of type 'SetStateAction<{ to: Contact[]; cc: Contact[]; bcc: Contact[]; subject: string; body: string; priority: "normal" | "high" | "low"; category: "hr" | "personal" | "finance" | "general" | "it" | "announcement"; attachments: File[]; }>'.
  Type '(prev: { to: Contact[]; cc: Contact[]; bcc: Contact[]; subject: string; body: string; priority: "normal" | "high" | "low"; category: "hr" | "personal" | "finance" | "general" | "it" | "announcement"; attachments: File[]; }) => { ...; }' is not assignable to type '(prevState: { to: Contact[]; cc: Contact[]; bcc: Contact[]; subject: string; body: string; priority: "normal" | "high" | "low"; category: "hr" | "personal" | "finance" | "general" | "it" | "announcement"; attachments: File[]; }) => { ...; }'.
    Call signature return types '{ to: { id: string; name: string; email: string; avatar?: string | undefined; role?: string | undefined; }[]; subject: string; cc: Contact[]; bcc: Contact[]; body: string; priority: "normal" | "high" | "low"; category: "hr" | ... 4 more ... | "announcement"; attachments: File[]; }' and '{ to: Contact[]; cc: Contact[]; bcc: Contact[]; subject: string; body: string; priority: "normal" | "high" | "low"; category: "hr" | "personal" | "finance" | "general" | "it" | "announcement"; attachments: File[]; }' are incompatible.
      The types of 'to' are incompatible between these types.
        Type '{ id: string; name: string; email: string; avatar?: string | undefined; role?: string | undefined; }[]' is not assignable to type 'Contact[]'.
src/components/common/MessageCenter.tsx(1014,29): error TS2769: No overload matches this call.
  Overload 1 of 2, '(props: { component: ElementType<any>; } & ListItemOwnProps & CommonProps & Omit<any, "children" | "style" | "components" | "alignItems" | ... 12 more ... | "secondaryAction">): any', gave the following error.
    Property 'component' is missing in type '{ children: Element[]; button: true; onClick: () => void; sx: { borderBottom: string; bgcolor: string; '&:hover': { bgcolor: string; }; }; }' but required in type '{ component: ElementType<any>; }'.
  Overload 2 of 2, '(props: DefaultComponentProps<ListItemTypeMap<{}, "li">>): any', gave the following error.
    Type '{ children: Element[]; button: true; onClick: () => void; sx: { borderBottom: string; bgcolor: string; '&:hover': { bgcolor: string; }; }; }' is not assignable to type 'IntrinsicAttributes & ListItemOwnProps & CommonProps & Omit<Omit<DetailedHTMLProps<LiHTMLAttributes<HTMLLIElement>, HTMLLIElement>, "ref"> & { ...; }, "children" | ... 15 more ... | "secondaryAction">'.
      Property 'button' does not exist on type 'IntrinsicAttributes & ListItemOwnProps & CommonProps & Omit<Omit<DetailedHTMLProps<LiHTMLAttributes<HTMLLIElement>, HTMLLIElement>, "ref"> & { ...; }, "children" | ... 15 more ... | "secondaryAction">'.
src/components/common/ResponsiveComponents.tsx(52,7): error TS2769: No overload matches this call.
  Overload 1 of 2, '(props: { component: ElementType<any>; } & ContainerOwnProps & CommonProps & Omit<any, "children" | "fixed" | "style" | "maxWidth" | "className" | "classes" | "sx" | "disableGutters">): any', gave the following error.
    Type 'false | "xs" | "sm" | "md" | "lg" | "xl" | "xxl"' is not assignable to type 'false | Breakpoint | undefined'.
      Type '"xxl"' is not assignable to type 'false | Breakpoint | undefined'.
  Overload 2 of 2, '(props: DefaultComponentProps<ContainerTypeMap<{}, "div">>): any', gave the following error.
    Type 'false | "xs" | "sm" | "md" | "lg" | "xl" | "xxl"' is not assignable to type 'false | Breakpoint | undefined'.
src/components/common/ResponsiveComponents.tsx(102,5): error TS2769: No overload matches this call.
  Overload 1 of 2, '(props: { component: ElementType<any>; } & GridBaseProps & { sx?: SxProps<Theme> | undefined; } & SystemProps<Theme> & Omit<...>): any', gave the following error.
    Property 'component' is missing in type '{ children: ReactNode; container: boolean; item: boolean; xs: number | "auto" | undefined; sm: number | "auto" | undefined; md: number | "auto" | undefined; lg: number | "auto" | undefined; ... 5 more ...; className: string; }' but required in type '{ component: ElementType<any>; }'.
  Overload 2 of 2, '(props: DefaultComponentProps<GridTypeMap<{}, "div">>): any', gave the following error.
    Type '{ children: ReactNode; container: boolean; item: boolean; xs: number | "auto" | undefined; sm: number | "auto" | undefined; md: number | "auto" | undefined; lg: number | "auto" | undefined; ... 5 more ...; className: string; }' is not assignable to type 'IntrinsicAttributes & GridBaseProps & { sx?: SxProps<Theme> | undefined; } & SystemProps<Theme> & Omit<...>'.
      Property 'item' does not exist on type 'IntrinsicAttributes & GridBaseProps & { sx?: SxProps<Theme> | undefined; } & SystemProps<Theme> & Omit<...>'.
src/components/common/ResponsiveComponents.tsx(262,7): error TS2769: No overload matches this call.
  Overload 1 of 2, '(props: { component: ElementType<any>; } & TypographyOwnProps & CommonProps & Omit<any, "children" | "p" | "style" | "zIndex" | "typography" | ... 108 more ... | "variantMapping">): any', gave the following error.
    Type 'ElementType<any> | undefined' is not assignable to type 'ElementType<any>'.
      Type 'undefined' is not assignable to type 'ElementType<any>'.
  Overload 2 of 2, '(props: DefaultComponentProps<TypographyTypeMap<{}, "span">>): any', gave the following error.
    Type '{ children: ReactNode; variant: "caption" | "h1" | "h2" | "h3" | "h4" | "h5" | "h6" | "body1" | "body2" | "overline"; component: ElementType<any> | undefined; ... 4 more ...; sx: { ...; }; }' is not assignable to type 'IntrinsicAttributes & TypographyOwnProps & CommonProps & Omit<Omit<DetailedHTMLProps<HTMLAttributes<HTMLSpanElement>, HTMLSpanElement>, "ref"> & { ...; }, "children" | ... 112 more ... | "variantMapping">'.
      Property 'component' does not exist on type 'IntrinsicAttributes & TypographyOwnProps & CommonProps & Omit<Omit<DetailedHTMLProps<HTMLAttributes<HTMLSpanElement>, HTMLSpanElement>, "ref"> & { ...; }, "children" | ... 112 more ... | "variantMapping">'.
src/components/common/ResponsiveComponents.tsx(374,7): error TS2769: No overload matches this call.
  Overload 1 of 3, '(props: { href: string; } & IconButtonOwnProps & Omit<ButtonBaseOwnProps, "classes"> & CommonProps & Omit<Omit<DetailedHTMLProps<AnchorHTMLAttributes<HTMLAnchorElement>, HTMLAnchorElement>, "ref"> & { ...; }, "children" | ... 21 more ... | "edge">): React.JSX.Element', gave the following error.
    Type 'string' is not assignable to type 'OverridableStringUnion<"error" | "warning" | "primary" | "success" | "info" | "default" | "secondary" | "inherit", IconButtonPropsColorOverrides> | undefined'.
  Overload 2 of 3, '(props: { component: ElementType<any>; } & IconButtonOwnProps & Omit<ButtonBaseOwnProps, "classes"> & CommonProps & Omit<...>): any', gave the following error.
    Type 'string' is not assignable to type 'OverridableStringUnion<"error" | "warning" | "primary" | "success" | "info" | "default" | "secondary" | "inherit", IconButtonPropsColorOverrides> | undefined'.
  Overload 3 of 3, '(props: DefaultComponentProps<ExtendButtonBaseTypeMap<IconButtonTypeMap<{}, "button">>>): any', gave the following error.
    Type 'string' is not assignable to type 'OverridableStringUnion<"error" | "warning" | "primary" | "success" | "info" | "default" | "secondary" | "inherit", IconButtonPropsColorOverrides> | undefined'.
src/components/common/ResponsiveContainer.tsx(55,7): error TS2769: No overload matches this call.
  Overload 1 of 2, '(props: { component: ElementType<any>; } & ContainerOwnProps & CommonProps & Omit<any, "children" | "fixed" | "style" | "maxWidth" | "className" | "classes" | "sx" | "disableGutters">): any', gave the following error.
    Type 'false | "xs" | "sm" | "md" | "lg" | "xl" | "auto"' is not assignable to type 'false | Breakpoint | undefined'.
      Type '"auto"' is not assignable to type 'false | Breakpoint | undefined'.
  Overload 2 of 2, '(props: DefaultComponentProps<ContainerTypeMap<{}, "div">>): any', gave the following error.
    Type 'false | "xs" | "sm" | "md" | "lg" | "xl" | "auto"' is not assignable to type 'false | Breakpoint | undefined'.
src/components/common/ResponsiveDialog.tsx(86,7): error TS2322: Type '{ '& .MuiDialog-paper': { borderRadius: number; margin: number; maxHeight: string; } | { all?: ResponsiveStyleValue<Globals | readonly NonNullable<Globals | undefined>[] | undefined> | ((theme: Theme) => ResponsiveStyleValue<...>) | null; ... 844 more ...; displayPrint?: ResponsiveStyleValue<...> | ... 1 more ... | ...' is not assignable to type 'SxProps<Theme> | undefined'.
  Types of property ''& .MuiDialog-paper'' are incompatible.
    Type '{ borderRadius: number; margin: number; maxHeight: string; } | { all?: ResponsiveStyleValue<Globals | readonly NonNullable<Globals | undefined>[] | undefined> | ((theme: Theme) => ResponsiveStyleValue<...>) | null; ... 844 more ...; displayPrint?: ResponsiveStyleValue<...> | ... 1 more ... | null; } | { ...; } | { ....' is not assignable to type 'SystemStyleObject<Theme> | CssVariableType | ((theme: Theme) => string | number | SystemStyleObject<Theme>) | undefined'.
      Type '{ length: number; toString(): string; toLocaleString(): string; concat(...items: ConcatArray<boolean | SystemStyleObject<Theme> | ((theme: Theme) => SystemStyleObject<Theme>)>[]): (boolean | ... 1 more ... | ((theme: Theme) => SystemStyleObject<Theme>))[]; concat(...items: (boolean | ... 2 more ... | ConcatArray<......' is not assignable to type 'SystemStyleObject<Theme> | CssVariableType | ((theme: Theme) => string | number | SystemStyleObject<Theme>) | undefined'.
        Type '{ length: number; toString(): string; toLocaleString(): string; concat(...items: ConcatArray<boolean | SystemStyleObject<Theme> | ((theme: Theme) => SystemStyleObject<Theme>)>[]): (boolean | ... 1 more ... | ((theme: Theme) => SystemStyleObject<Theme>))[]; concat(...items: (boolean | ... 2 more ... | ConcatArray<......' is not assignable to type 'CSSSelectorObjectOrCssVariables<Theme>'.
          Property 'concat' is incompatible with index signature.
            Type '{ (...items: ConcatArray<boolean | SystemStyleObject<Theme> | ((theme: Theme) => SystemStyleObject<Theme>)>[]): (boolean | ... 1 more ... | ((theme: Theme) => SystemStyleObject<...>))[]; (...items: (boolean | ... 2 more ... | ConcatArray<...>)[]): (boolean | ... 1 more ... | ((theme: Theme) => SystemStyleObject<...>...' is not assignable to type 'SystemStyleObject<Theme> | CssVariableType | ((theme: Theme) => string | number | SystemStyleObject<Theme>)'.
              Type '{ (...items: ConcatArray<boolean | SystemStyleObject<Theme> | ((theme: Theme) => SystemStyleObject<Theme>)>[]): (boolean | ... 1 more ... | ((theme: Theme) => SystemStyleObject<...>))[]; (...items: (boolean | ... 2 more ... | ConcatArray<...>)[]): (boolean | ... 1 more ... | ((theme: Theme) => SystemStyleObject<...>...' is not assignable to type '(theme: Theme) => string | number | SystemStyleObject<Theme>'.
                Types of parameters 'items' and 'theme' are incompatible.
                  Type 'Theme' is missing the following properties from type 'ConcatArray<boolean | SystemStyleObject<Theme> | ((theme: Theme) => SystemStyleObject<Theme>)>': length, join, slice
src/components/common/ResponsiveGrid.tsx(120,5): error TS2769: No overload matches this call.
  Overload 1 of 2, '(props: { component: ElementType<any>; } & GridBaseProps & { sx?: SxProps<Theme> | undefined; } & SystemProps<Theme> & Omit<...>): any', gave the following error.
    Type '{ children: ReactNode; key?: Key | null | undefined; role?: AriaRole | undefined; ref?: ((instance: HTMLDivElement | null) => void) | RefObject<HTMLDivElement> | null | undefined; ... 378 more ...; xl: number | ... 2 more ... | undefined; }' is not assignable to type '{ component: ElementType<any>; }'.
      Types of property 'component' are incompatible.
        Type 'ElementType<any> | undefined' is not assignable to type 'ElementType<any>'.
          Type 'undefined' is not assignable to type 'ElementType<any>'.
  Overload 2 of 2, '(props: DefaultComponentProps<GridTypeMap<{}, "div">>): any', gave the following error.
    Type '{ children: ReactNode; key?: Key | null | undefined; role?: AriaRole | undefined; ref?: ((instance: HTMLDivElement | null) => void) | RefObject<HTMLDivElement> | null | undefined; ... 378 more ...; xl: number | ... 2 more ... | undefined; }' is not assignable to type 'IntrinsicAttributes & GridBaseProps & { sx?: SxProps<Theme> | undefined; } & SystemProps<Theme> & Omit<...>'.
      Property 'item' does not exist on type 'IntrinsicAttributes & GridBaseProps & { sx?: SxProps<Theme> | undefined; } & SystemProps<Theme> & Omit<...>'.
src/components/common/ResponsiveGrid.tsx(240,8): error TS2322: Type '{ children: ReactNode; key?: Key | null | undefined; role?: AriaRole | undefined; ref?: ((instance: HTMLDivElement | null) => void) | RefObject<HTMLDivElement> | null | undefined; ... 370 more ...; unstable_level?: number | undefined; }' is not assignable to type 'DetailedHTMLProps<HTMLAttributes<HTMLDivElement>, HTMLDivElement>'.
  Type '{ children: ReactNode; key?: Key | null | undefined; role?: AriaRole | undefined; ref?: ((instance: HTMLDivElement | null) => void) | RefObject<HTMLDivElement> | null | undefined; ... 370 more ...; unstable_level?: number | undefined; }' is not assignable to type 'HTMLAttributes<HTMLDivElement>'.
    Types of property 'color' are incompatible.
      Type 'ResponsiveStyleValue<Color | readonly string[] | undefined> | ((theme: Theme) => ResponsiveStyleValue<Color | readonly string[] | undefined>)' is not assignable to type 'string | undefined'.
        Type 'readonly string[]' is not assignable to type 'string'.
src/components/common/ResponsiveGrid.tsx(248,12): error TS2322: Type '{ columns?: undefined; columnGap?: undefined; '& > *'?: undefined; } | { columns?: undefined; columnGap?: undefined; '& > *'?: undefined; } | { all?: ResponsiveStyleValue<Globals | readonly NonNullable<Globals | undefined>[] | undefined> | ((theme: Theme) => ResponsiveStyleValue<...>) | null; ... 845 more ...; '& > ...' is not assignable to type 'CSSProperties | undefined'.
  Type '{ all?: ResponsiveStyleValue<Globals | readonly NonNullable<Globals | undefined>[] | undefined> | ((theme: Theme) => ResponsiveStyleValue<...>) | null; ... 845 more ...; '& > *'?: undefined; }' is not assignable to type 'Properties<string | number, string & {}>'.
    Types of property 'accentColor' are incompatible.
      Type 'ResponsiveStyleValue<readonly string[] | AccentColor | undefined> | ((theme: Theme) => ResponsiveStyleValue<readonly string[] | AccentColor | undefined>) | null' is not assignable to type 'AccentColor | undefined'.
        Type 'null' is not assignable to type 'AccentColor | undefined'.
src/components/common/ResponsiveTable.tsx(20,3): error TS2305: Module '"@mui/material"' has no exported member 'Hidden'.
src/components/common/VirtualizedTable.tsx(25,39): error TS7016: Could not find a declaration file for module 'react-window'. 'D:/New folder/arise_hrm/Arise/frontend/node_modules/react-window/dist/index.cjs.js' implicitly has an 'any' type.
  Try `npm i --save-dev @types/react-window` if it exists or add a new declaration (.d.ts) file containing `declare module 'react-window';`
src/components/common/VirtualizedTable.tsx(27,10): error TS2305: Module '"../../hooks/usePerformance"' has no exported member 'useTableData'.
src/components/common/VirtualizedTable.tsx(249,57): error TS7006: Parameter 'row' implicitly has an 'any' type.
src/components/common/VirtualizedTable.tsx(249,62): error TS7006: Parameter 'index' implicitly has an 'any' type.
src/components/common/VirtualizedTable.tsx(255,47): error TS7006: Parameter 'row' implicitly has an 'any' type.
src/components/common/VirtualizedTable.tsx(255,52): error TS7006: Parameter 'index' implicitly has an 'any' type.
src/components/common/VirtualizedTable.tsx(443,29): error TS7006: Parameter 'row' implicitly has an 'any' type.
src/components/common/VirtualizedTable.tsx(443,34): error TS7006: Parameter 'index' implicitly has an 'any' type.
src/components/dashboard/CustomizableDashboard.tsx(271,32): error TS2339: Property 'upcomingLeaves' does not exist on type '{ totalEmployees: number; activeEmployees: number; presentToday: any; lateToday: any; onLeaveToday: any; pendingLeaveRequests: any; totalDepartments: number; avgAttendanceRate: number; lastUpdated: string; }'.
src/components/dashboard/CustomizableDashboard.tsx(274,38): error TS2339: Property 'employeeTurnoverRate' does not exist on type '{ totalEmployees: number; activeEmployees: number; presentToday: any; lateToday: any; onLeaveToday: any; pendingLeaveRequests: any; totalDepartments: number; avgAttendanceRate: number; lastUpdated: string; }'.
src/components/dashboard/CustomizableDashboard.tsx(275,38): error TS2339: Property 'avgPerformanceRating' does not exist on type '{ totalEmployees: number; activeEmployees: number; presentToday: any; lateToday: any; onLeaveToday: any; pendingLeaveRequests: any; totalDepartments: number; avgAttendanceRate: number; lastUpdated: string; }'.
src/components/dashboard/CustomizableDashboard.tsx(276,35): error TS2339: Property 'newHiresThisMonth' does not exist on type '{ totalEmployees: number; activeEmployees: number; presentToday: any; lateToday: any; onLeaveToday: any; pendingLeaveRequests: any; totalDepartments: number; avgAttendanceRate: number; lastUpdated: string; }'.
src/components/dashboard/CustomizableDashboard.tsx(277,31): error TS2339: Property 'topPerformers' does not exist on type '{ totalEmployees: number; activeEmployees: number; presentToday: any; lateToday: any; onLeaveToday: any; pendingLeaveRequests: any; totalDepartments: number; avgAttendanceRate: number; lastUpdated: string; }'.
src/components/dashboard/CustomizableDashboard.tsx(278,24): error TS2339: Property 'atRisk' does not exist on type '{ totalEmployees: number; activeEmployees: number; presentToday: any; lateToday: any; onLeaveToday: any; pendingLeaveRequests: any; totalDepartments: number; avgAttendanceRate: number; lastUpdated: string; }'.
src/components/dashboard/CustomizableDashboard.tsx(779,22): error TS18048: 'action.badge' is possibly 'undefined'.
src/components/dashboard/CustomizableDashboard.tsx(813,13): error TS2322: Type 'string' is not assignable to type '{ label: string; value: number; }[]'.
src/components/dashboard/CustomizableDashboard.tsx(825,13): error TS2322: Type 'string' is not assignable to type '{ label: string; value: number; }[]'.
src/components/dashboard/CustomizableDashboard.tsx(837,13): error TS2322: Type 'string' is not assignable to type '{ label: string; value: number; }[]'.
src/components/dashboard/CustomizableDashboard.tsx(849,13): error TS2322: Type 'string' is not assignable to type '{ label: string; value: number; }[]'.
src/components/dashboard/CustomizableDashboard.tsx(970,29): error TS2322: Type '"small" | "medium"' is not assignable to type 'SizeType | undefined'.
  Type '"small"' is not assignable to type 'SizeType | undefined'.
src/components/dashboard/DashboardPreferencesContext.tsx(4,25): error TS2307: Cannot find module './AuthContext' or its corresponding type declarations.
src/components/employees/EmployeeManagement.tsx(54,3): error TS2305: Module '"@mui/material"' has no exported member 'DatePicker'.
src/components/employees/EmployeeManagement.tsx(106,32): error TS2307: Cannot find module '../analytics/AnalyticsDashboard' or its corresponding type declarations.
src/components/employees/EmployeeManagement.tsx(117,3): error TS2300: Duplicate identifier 'profile_photo_url'.
src/components/employees/EmployeeManagement.tsx(118,3): error TS2300: Duplicate identifier 'department_id'.
src/components/employees/EmployeeManagement.tsx(119,3): error TS2300: Duplicate identifier 'profile_photo_url'.
src/components/employees/EmployeeManagement.tsx(120,3): error TS2300: Duplicate identifier 'department_id'.
src/components/employees/EmployeeManagement.tsx(206,10): error TS2451: Cannot redeclare block-scoped variable 'departments'.
src/components/employees/EmployeeManagement.tsx(206,23): error TS2451: Cannot redeclare block-scoped variable 'setDepartments'.
src/components/employees/EmployeeManagement.tsx(207,10): error TS2451: Cannot redeclare block-scoped variable 'positions'.
src/components/employees/EmployeeManagement.tsx(207,21): error TS2451: Cannot redeclare block-scoped variable 'setPositions'.
src/components/employees/EmployeeManagement.tsx(208,10): error TS2451: Cannot redeclare block-scoped variable 'departments'.
src/components/employees/EmployeeManagement.tsx(208,23): error TS2451: Cannot redeclare block-scoped variable 'setDepartments'.
src/components/employees/EmployeeManagement.tsx(210,10): error TS2451: Cannot redeclare block-scoped variable 'positions'.
src/components/employees/EmployeeManagement.tsx(210,21): error TS2451: Cannot redeclare block-scoped variable 'setPositions'.
src/components/employees/EmployeeManagement.tsx(346,13): error TS7009: 'new' expression, whose target lacks a construct signature, implicitly has an 'any' type.
src/components/employees/EmployeeManagement.tsx(346,23): error TS2769: No overload matches this call.
  Overload 1 of 2, '(props: { component: ElementType<any>; } & SvgIconOwnProps & CommonProps & Omit<any, "children" | "style" | "fontSize" | "color" | "shapeRendering" | ... 6 more ... | "viewBox">): any', gave the following error.
    Argument of type 'string' is not assignable to parameter of type '{ component: ElementType<any>; } & SvgIconOwnProps & CommonProps & Omit<any, "children" | "style" | "fontSize" | "color" | "shapeRendering" | ... 6 more ... | "viewBox">'.
      Type 'string' is not assignable to type '{ component: ElementType<any>; }'.
  Overload 2 of 2, '(props: DefaultComponentProps<SvgIconTypeMap<{}, "svg">>): any', gave the following error.
    Type '"Missing required fields"' has no properties in common with type 'DefaultComponentProps<SvgIconTypeMap<{}, "svg">>'.
src/components/employees/EmployeeManagement.tsx(396,29): error TS2353: Object literal may only specify known properties, and 'employment_status' does not exist in type 'Partial<{ id?: string | undefined; auth_user_id?: string | undefined; employee_id?: string | undefined; first_name?: string | undefined; last_name?: string | undefined; email?: string | undefined; ... 14 more ...; preferences?: { ...; } | undefined; }>'.
src/components/employees/EmployeeManagement.tsx(765,59): error TS2345: Argument of type 'string | number | readonly string[]' is not assignable to parameter of type 'string'.
  Type 'number' is not assignable to type 'string'.
src/components/employees/EmployeeManagement.tsx(1085,14): error TS2304: Cannot find name 'AnimatePresence'.
src/components/employees/EmployeeManagement.tsx(1087,18): error TS2304: Cannot find name 'motion'.
src/components/employees/EmployeeManagement.tsx(1145,19): error TS2304: Cannot find name 'motion'.
src/components/employees/EmployeeManagement.tsx(1147,15): error TS2304: Cannot find name 'AnimatePresence'.
src/components/employees/EmployeeManagement.tsx(1223,46): error TS2538: Type 'undefined' cannot be used as an index type.
src/components/employees/EmployeeManagement.tsx(1231,40): error TS2538: Type 'undefined' cannot be used as an index type.
src/components/employees/EmployeeManagement.tsx(1236,38): error TS2538: Type 'undefined' cannot be used as an index type.
src/components/employees/EmployeeManagement.tsx(1388,19): error TS2769: No overload matches this call.
  Overload 1 of 3, '(props: { href: string; } & ButtonOwnProps & Omit<ButtonBaseOwnProps, "classes"> & CommonProps & Omit<Omit<DetailedHTMLProps<AnchorHTMLAttributes<HTMLAnchorElement>, HTMLAnchorElement>, "ref"> & { ...; }, "children" | ... 27 more ... | "size">): React.JSX.Element', gave the following error.
    Type '(employeeData: Partial<Employee>) => Promise<void>' is not assignable to type 'MouseEventHandler<HTMLAnchorElement>'.
      Types of parameters 'employeeData' and 'event' are incompatible.
        Type 'MouseEvent<HTMLAnchorElement, MouseEvent>' has no properties in common with type 'Partial<Employee>'.
  Overload 2 of 3, '(props: { component: ElementType<any>; } & ButtonOwnProps & Omit<ButtonBaseOwnProps, "classes"> & CommonProps & Omit<...>): any', gave the following error.
    Property 'component' is missing in type '{ children: string; variant: "contained"; onClick: (employeeData: Partial<Employee>) => Promise<void>; disabled: boolean; startIcon: Element; }' but required in type '{ component: ElementType<any>; }'.
  Overload 3 of 3, '(props: DefaultComponentProps<ExtendButtonBaseTypeMap<ButtonTypeMap<{}, "button">>>): any', gave the following error.
    Type '(employeeData: Partial<Employee>) => Promise<void>' is not assignable to type 'MouseEventHandler<HTMLButtonElement>'.
      Types of parameters 'employeeData' and 'event' are incompatible.
        Type 'MouseEvent<HTMLButtonElement, MouseEvent>' has no properties in common with type 'Partial<Employee>'.
src/components/employees/EmployeeManagement.tsx(1392,57): error TS2322: Type '{ size: number; }' is not assignable to type 'IntrinsicAttributes & LinearProgressProps'.
  Property 'size' does not exist on type 'IntrinsicAttributes & LinearProgressProps'.
src/components/employees/EmployeeManagement.tsx(1446,13): error TS2741: Property 'auth_user_id' is missing in type 'Employee' but required in type '{ id: string; auth_user_id: string; employee_id: string; first_name: string; last_name: string; email: string; role_id: number; department_id: string | null; position_id: string | null; is_active: boolean; ... 12 more ...; preferences?: { ...; } | undefined; }'.
src/components/employees/EmployeeManagement.tsx(1448,13): error TS2322: Type '(employee: Employee) => void' is not assignable to type '(employee: { id: string; auth_user_id: string; employee_id: string; first_name: string; last_name: string; email: string; role_id: number; department_id: string | null; position_id: string | null; ... 13 more ...; preferences?: { ...; } | undefined; }) => void'.
  Types of parameters 'employee' and 'employee' are incompatible.
    Property 'employment_status' is missing in type '{ id: string; auth_user_id: string; employee_id: string; first_name: string; last_name: string; email: string; role_id: number; department_id: string | null; position_id: string | null; is_active: boolean; ... 12 more ...; preferences?: { ...; } | undefined; }' but required in type 'Employee'.
src/components/employees/EmployeeManagement.tsx(1456,11): error TS2322: Type 'Employee | null' is not assignable to type 'Employee | null | undefined'.
  Type 'Employee' is not assignable to type 'Employee'. Two different types with this name exist, but they are unrelated.
    Types of property 'certifications' are incompatible.
      Type '{ name: string; issuer: string; date: string; expires?: string | undefined; }[] | undefined' is not assignable to type 'string[] | undefined'.
        Type '{ name: string; issuer: string; date: string; expires?: string | undefined; }[]' is not assignable to type 'string[]'.
          Type '{ name: string; issuer: string; date: string; expires?: string | undefined; }' is not assignable to type 'string'.
src/components/employees/EmployeeManagement.tsx(1458,11): error TS2322: Type '(employeeData: Partial<Employee>) => Promise<void>' is not assignable to type '(employee: Partial<Employee>) => Promise<void>'.
  Types of parameters 'employeeData' and 'employee' are incompatible.
    Type 'Partial<Employee>' is not assignable to type 'Partial<Employee>'. Two different types with this name exist, but they are unrelated.
      Types of property 'employment_status' are incompatible.
        Type 'string | undefined' is not assignable to type '"active" | "inactive" | "terminated" | "on_leave" | undefined'.
          Type 'string' is not assignable to type '"active" | "inactive" | "terminated" | "on_leave" | undefined'.
src/components/employees/EmployeeManagement.tsx(1461,11): error TS2719: Type 'Role[]' is not assignable to type 'Role[]'. Two different types with this name exist, but they are unrelated.
  Type 'Role' is not assignable to type 'Role'. Two different types with this name exist, but they are unrelated.
    Types of property 'id' are incompatible.
      Type 'number' is not assignable to type 'string'.
src/components/employees/EmployeeManagementSystem.tsx(67,23): error TS2304: Cannot find name 'useAuthStore'.
src/components/employees/EmployeeProfile.tsx(248,37): error TS2339: Property 'employment_status' does not exist on type '{ id: string; auth_user_id: string; employee_id: string; first_name: string; last_name: string; email: string; role_id: number; department_id: string | null; position_id: string | null; is_active: boolean; ... 12 more ...; preferences?: { ...; } | undefined; }'.
src/components/employees/EmployeeProfile.tsx(292,61): error TS2339: Property 'phone' does not exist on type '{ id: string; auth_user_id: string; employee_id: string; first_name: string; last_name: string; email: string; role_id: number; department_id: string | null; position_id: string | null; is_active: boolean; ... 12 more ...; preferences?: { ...; } | undefined; }'.
src/components/employees/EmployeeProfile.tsx(353,59): error TS2339: Property 'phone' does not exist on type '{ id: string; auth_user_id: string; employee_id: string; first_name: string; last_name: string; email: string; role_id: number; department_id: string | null; position_id: string | null; is_active: boolean; ... 12 more ...; preferences?: { ...; } | undefined; }'.
src/components/employees/EmployeeProfile.tsx(357,59): error TS2339: Property 'address_line1' does not exist on type '{ id: string; auth_user_id: string; employee_id: string; first_name: string; last_name: string; email: string; role_id: number; department_id: string | null; position_id: string | null; is_active: boolean; ... 12 more ...; preferences?: { ...; } | undefined; }'.
src/components/employees/EmployeeProfile.tsx(377,59): error TS2339: Property 'employment_status' does not exist on type '{ id: string; auth_user_id: string; employee_id: string; first_name: string; last_name: string; email: string; role_id: number; department_id: string | null; position_id: string | null; is_active: boolean; ... 12 more ...; preferences?: { ...; } | undefined; }'.
src/components/employees/EmployeeProfile.tsx(401,29): error TS2339: Property 'skills' does not exist on type '{ id: string; auth_user_id: string; employee_id: string; first_name: string; last_name: string; email: string; role_id: number; department_id: string | null; position_id: string | null; is_active: boolean; ... 12 more ...; preferences?: { ...; } | undefined; }'.
src/components/employees/EmployeeProfile.tsx(401,48): error TS2339: Property 'skills' does not exist on type '{ id: string; auth_user_id: string; employee_id: string; first_name: string; last_name: string; email: string; role_id: number; department_id: string | null; position_id: string | null; is_active: boolean; ... 12 more ...; preferences?: { ...; } | undefined; }'.
src/components/employees/EmployeeProfile.tsx(402,30): error TS2339: Property 'skills' does not exist on type '{ id: string; auth_user_id: string; employee_id: string; first_name: string; last_name: string; email: string; role_id: number; department_id: string | null; position_id: string | null; is_active: boolean; ... 12 more ...; preferences?: { ...; } | undefined; }'.
src/components/employees/EmployeeProfile.tsx(415,29): error TS2339: Property 'certifications' does not exist on type '{ id: string; auth_user_id: string; employee_id: string; first_name: string; last_name: string; email: string; role_id: number; department_id: string | null; position_id: string | null; is_active: boolean; ... 12 more ...; preferences?: { ...; } | undefined; }'.
src/components/employees/EmployeeProfile.tsx(415,56): error TS2339: Property 'certifications' does not exist on type '{ id: string; auth_user_id: string; employee_id: string; first_name: string; last_name: string; email: string; role_id: number; department_id: string | null; position_id: string | null; is_active: boolean; ... 12 more ...; preferences?: { ...; } | undefined; }'.
src/components/employees/EmployeeProfile.tsx(416,30): error TS2339: Property 'certifications' does not exist on type '{ id: string; auth_user_id: string; employee_id: string; first_name: string; last_name: string; email: string; role_id: number; department_id: string | null; position_id: string | null; is_active: boolean; ... 12 more ...; preferences?: { ...; } | undefined; }'.
src/components/employees/EmployeeProfile.tsx(433,23): error TS2551: Property 'emergency_contacts' does not exist on type '{ id: string; auth_user_id: string; employee_id: string; first_name: string; last_name: string; email: string; role_id: number; department_id: string | null; position_id: string | null; is_active: boolean; ... 12 more ...; preferences?: { ...; } | undefined; }'. Did you mean 'emergency_contact'?
src/components/employees/EmployeeProfile.tsx(433,54): error TS2551: Property 'emergency_contacts' does not exist on type '{ id: string; auth_user_id: string; employee_id: string; first_name: string; last_name: string; email: string; role_id: number; department_id: string | null; position_id: string | null; is_active: boolean; ... 12 more ...; preferences?: { ...; } | undefined; }'. Did you mean 'emergency_contact'?
src/components/employees/EmployeeProfile.tsx(435,28): error TS2551: Property 'emergency_contacts' does not exist on type '{ id: string; auth_user_id: string; employee_id: string; first_name: string; last_name: string; email: string; role_id: number; department_id: string | null; position_id: string | null; is_active: boolean; ... 12 more ...; preferences?: { ...; } | undefined; }'. Did you mean 'emergency_contact'?
src/components/employees/index.ts(1,43): error TS2307: Cannot find module './AdvancedEmployeeDirectory' or its corresponding type declarations.
src/components/employees/index.ts(3,10): error TS2614: Module '"./EmployeeDirectory"' has no exported member 'EmployeeDirectory'. Did you mean to use 'import EmployeeDirectory from "./EmployeeDirectory"' instead?
src/components/hiring/HiringManagement.tsx(49,3): error TS2305: Module '"@mui/material"' has no exported member 'Timeline'.
src/components/hiring/HiringManagement.tsx(50,3): error TS2305: Module '"@mui/material"' has no exported member 'TimelineItem'.
src/components/hiring/HiringManagement.tsx(51,3): error TS2305: Module '"@mui/material"' has no exported member 'TimelineSeparator'.
src/components/hiring/HiringManagement.tsx(52,3): error TS2305: Module '"@mui/material"' has no exported member 'TimelineDot'.
src/components/hiring/HiringManagement.tsx(53,3): error TS2305: Module '"@mui/material"' has no exported member 'TimelineConnector'.
src/components/hiring/HiringManagement.tsx(54,3): error TS2305: Module '"@mui/material"' has no exported member 'TimelineContent'.
src/components/hiring/HiringManagement.tsx(499,7): error TS2322: Type '"intern" | "full_time" | "part_time" | "contract"' is not assignable to type '"full_time"'.
  Type '"intern"' is not assignable to type '"full_time"'.
src/components/hiring/HiringManagement.tsx(505,7): error TS2322: Type '"active" | "draft" | "closed" | "on_hold"' is not assignable to type '"draft"'.
  Type '"active"' is not assignable to type '"draft"'.
src/components/hiring/HiringManagement.tsx(539,7): error TS2322: Type '"rejected" | "applied" | "screening" | "interview" | "offer" | "hired"' is not assignable to type '"applied"'.
  Type '"rejected"' is not assignable to type '"applied"'.
src/components/hiring/HiringManagement.tsx(970,21): error TS2769: No overload matches this call.
  Overload 2 of 3, '(props: { component: ElementType<any>; } & MenuItemOwnProps & Omit<ButtonBaseOwnProps, "classes"> & CommonProps & Omit<...>): any', gave the following error.
    Type 'string | { value: string; label: string; }' is not assignable to type 'Key | null | undefined'.
  Overload 2 of 3, '(props: { component: ElementType<any>; } & MenuItemOwnProps & Omit<ButtonBaseOwnProps, "classes"> & CommonProps & Omit<...>): any', gave the following error.
    Type 'string | { value: string; label: string; }' is not assignable to type 'ReactNode'.
src/components/hiring/HiringManagement.tsx(1188,11): error TS2322: Type '{ open: true; onClose: () => void; }' is not assignable to type 'IntrinsicAttributes'.
  Property 'open' does not exist on type 'IntrinsicAttributes'.
src/components/hiring/HiringManagement.tsx(1251,50): error TS2339: Property 'split' does not exist on type 'never'.
src/components/hiring/HiringManagement.tsx(1252,28): error TS7006: Parameter 'req' implicitly has an 'any' type.
src/components/hiring/HiringManagement.tsx(1252,33): error TS7006: Parameter 'index' implicitly has an 'any' type.
src/components/hiring/HiringManagement.tsx(1267,46): error TS2339: Property 'split' does not exist on type 'never'.
src/components/hiring/HiringManagement.tsx(1268,28): error TS7006: Parameter 'benefit' implicitly has an 'any' type.
src/components/hiring/HiringManagement.tsx(1268,37): error TS7006: Parameter 'index' implicitly has an 'any' type.
src/components/interviews/InterviewManagement.tsx(104,57): error TS2353: Object literal may only specify known properties, and 'params' does not exist in type 'RequestInit'.
src/components/interviews/InterviewManagement.tsx(152,11): error TS2353: Object literal may only specify known properties, and 'params' does not exist in type 'RequestInit'.
src/components/layout/MainLayout.tsx(379,98): error TS2339: Property 'main' does not exist on type 'string | number | Color | TypeBackground | TypeText | TypeAction | CommonColors | PaletteColor | { ...; } | ((background: string) => string) | ((options: PaletteAugmentColorOptions) => PaletteColor)'.
  Property 'main' does not exist on type 'string'.
src/components/layout/MainLayout.tsx(380,86): error TS2339: Property 'main' does not exist on type 'string | number | Color | TypeBackground | TypeText | TypeAction | CommonColors | PaletteColor | { ...; } | ((background: string) => string) | ((options: PaletteAugmentColorOptions) => PaletteColor)'.
  Property 'main' does not exist on type 'string'.
src/components/layout/MainLayout.tsx(382,94): error TS2339: Property 'main' does not exist on type 'string | number | Color | TypeBackground | TypeText | TypeAction | CommonColors | PaletteColor | { ...; } | ((background: string) => string) | ((options: PaletteAugmentColorOptions) => PaletteColor)'.
  Property 'main' does not exist on type 'string'.
src/components/layout/MainLayout.tsx(383,104): error TS2339: Property 'main' does not exist on type 'string | number | Color | TypeBackground | TypeText | TypeAction | CommonColors | PaletteColor | { ...; } | ((background: string) => string) | ((options: PaletteAugmentColorOptions) => PaletteColor)'.
  Property 'main' does not exist on type 'string'.
src/components/leave/__tests__/LeaveAnalytics.test.tsx(46,1): error TS2582: Cannot find name 'describe'. Do you need to install type definitions for a test runner? Try `npm i --save-dev @types/jest` or `npm i --save-dev @types/mocha`.
src/components/leave/__tests__/LeaveAnalytics.test.tsx(52,10): error TS2739: Type '{}' is missing the following properties from type 'LeaveAnalyticsProps': employeeId, userRole
src/components/leave/__tests__/LeaveAnalytics.test.tsx(57,3): error TS2304: Cannot find name 'beforeEach'.
src/components/leave/__tests__/LeaveAnalytics.test.tsx(62,3): error TS2582: Cannot find name 'it'. Do you need to install type definitions for a test runner? Try `npm i --save-dev @types/jest` or `npm i --save-dev @types/mocha`.
src/components/leave/__tests__/LeaveAnalytics.test.tsx(66,5): error TS2304: Cannot find name 'expect'.
src/components/leave/__tests__/LeaveAnalytics.test.tsx(67,5): error TS2304: Cannot find name 'expect'.
src/components/leave/__tests__/LeaveAnalytics.test.tsx(68,5): error TS2304: Cannot find name 'expect'.
src/components/leave/__tests__/LeaveAnalytics.test.tsx(69,5): error TS2304: Cannot find name 'expect'.
src/components/leave/__tests__/LeaveAnalytics.test.tsx(70,5): error TS2304: Cannot find name 'expect'.
src/components/leave/__tests__/LeaveAnalytics.test.tsx(75,7): error TS2304: Cannot find name 'expect'.
src/components/leave/__tests__/LeaveAnalytics.test.tsx(76,7): error TS2304: Cannot find name 'expect'.
src/components/leave/__tests__/LeaveAnalytics.test.tsx(77,7): error TS2304: Cannot find name 'expect'.
src/components/leave/__tests__/LeaveAnalytics.test.tsx(81,5): error TS2304: Cannot find name 'expect'.
src/components/leave/__tests__/LeaveAnalytics.test.tsx(82,5): error TS2304: Cannot find name 'expect'.
src/components/leave/__tests__/LeaveAnalytics.test.tsx(83,5): error TS2304: Cannot find name 'expect'.
src/components/leave/__tests__/LeaveAnalytics.test.tsx(86,3): error TS2582: Cannot find name 'it'. Do you need to install type definitions for a test runner? Try `npm i --save-dev @types/jest` or `npm i --save-dev @types/mocha`.
src/components/leave/__tests__/LeaveAnalytics.test.tsx(91,5): error TS2304: Cannot find name 'fireEvent'.
src/components/leave/__tests__/LeaveAnalytics.test.tsx(95,5): error TS2304: Cannot find name 'fireEvent'.
src/components/leave/__tests__/LeaveAnalytics.test.tsx(100,7): error TS2304: Cannot find name 'expect'.
src/components/leave/__tests__/LeaveAnalytics.test.tsx(104,3): error TS2582: Cannot find name 'it'. Do you need to install type definitions for a test runner? Try `npm i --save-dev @types/jest` or `npm i --save-dev @types/mocha`.
src/components/leave/__tests__/LeaveAnalytics.test.tsx(106,15): error TS2304: Cannot find name 'useLeaveManagement'.
src/components/leave/__tests__/LeaveAnalytics.test.tsx(116,5): error TS2304: Cannot find name 'expect'.
src/components/leave/__tests__/LeaveAnalytics.test.tsx(119,3): error TS2582: Cannot find name 'it'. Do you need to install type definitions for a test runner? Try `npm i --save-dev @types/jest` or `npm i --save-dev @types/mocha`.
src/components/leave/__tests__/LeaveAnalytics.test.tsx(121,15): error TS2304: Cannot find name 'useLeaveManagement'.
src/components/leave/__tests__/LeaveAnalytics.test.tsx(131,5): error TS2304: Cannot find name 'expect'.
src/components/leave/__tests__/LeaveAnalytics.test.tsx(132,5): error TS2304: Cannot find name 'expect'.
src/components/leave/__tests__/LeaveAnalytics.test.tsx(135,3): error TS2582: Cannot find name 'it'. Do you need to install type definitions for a test runner? Try `npm i --save-dev @types/jest` or `npm i --save-dev @types/mocha`.
src/components/leave/__tests__/LeaveAnalytics.test.tsx(146,5): error TS2304: Cannot find name 'fireEvent'.
src/components/leave/__tests__/LeaveAnalytics.test.tsx(150,7): error TS2304: Cannot find name 'expect'.
src/components/leave/__tests__/LeaveAnalytics.test.tsx(154,3): error TS2582: Cannot find name 'it'. Do you need to install type definitions for a test runner? Try `npm i --save-dev @types/jest` or `npm i --save-dev @types/mocha`.
src/components/leave/__tests__/LeaveAnalytics.test.tsx(159,5): error TS2304: Cannot find name 'fireEvent'.
src/components/leave/__tests__/LeaveAnalytics.test.tsx(163,5): error TS2304: Cannot find name 'fireEvent'.
src/components/leave/__tests__/LeaveAnalytics.test.tsx(168,7): error TS2304: Cannot find name 'expect'.
src/components/leave/__tests__/LeaveBalance.test.tsx(2,30): error TS2307: Cannot find module '../LeaveBalance' or its corresponding type declarations.
src/components/leave/__tests__/LeaveBalance.test.tsx(47,1): error TS2582: Cannot find name 'describe'. Do you need to install type definitions for a test runner? Try `npm i --save-dev @types/jest` or `npm i --save-dev @types/mocha`.
src/components/leave/__tests__/LeaveBalance.test.tsx(58,3): error TS2304: Cannot find name 'beforeEach'.
src/components/leave/__tests__/LeaveBalance.test.tsx(63,3): error TS2582: Cannot find name 'it'. Do you need to install type definitions for a test runner? Try `npm i --save-dev @types/jest` or `npm i --save-dev @types/mocha`.
src/components/leave/__tests__/LeaveBalance.test.tsx(67,5): error TS2304: Cannot find name 'expect'.
src/components/leave/__tests__/LeaveBalance.test.tsx(72,7): error TS2304: Cannot find name 'expect'.
src/components/leave/__tests__/LeaveBalance.test.tsx(73,7): error TS2304: Cannot find name 'expect'.
src/components/leave/__tests__/LeaveBalance.test.tsx(74,7): error TS2304: Cannot find name 'expect'.
src/components/leave/__tests__/LeaveBalance.test.tsx(75,7): error TS2304: Cannot find name 'expect'.
src/components/leave/__tests__/LeaveBalance.test.tsx(76,7): error TS2304: Cannot find name 'expect'.
src/components/leave/__tests__/LeaveBalance.test.tsx(79,7): error TS2304: Cannot find name 'expect'.
src/components/leave/__tests__/LeaveBalance.test.tsx(80,7): error TS2304: Cannot find name 'expect'.
src/components/leave/__tests__/LeaveBalance.test.tsx(81,7): error TS2304: Cannot find name 'expect'.
src/components/leave/__tests__/LeaveBalance.test.tsx(82,7): error TS2304: Cannot find name 'expect'.
src/components/leave/__tests__/LeaveBalance.test.tsx(83,7): error TS2304: Cannot find name 'expect'.
src/components/leave/__tests__/LeaveBalance.test.tsx(87,3): error TS2582: Cannot find name 'it'. Do you need to install type definitions for a test runner? Try `npm i --save-dev @types/jest` or `npm i --save-dev @types/mocha`.
src/components/leave/__tests__/LeaveBalance.test.tsx(89,15): error TS2304: Cannot find name 'useLeaveManagement'.
src/components/leave/__tests__/LeaveBalance.test.tsx(99,5): error TS2304: Cannot find name 'expect'.
src/components/leave/__tests__/LeaveBalance.test.tsx(102,3): error TS2582: Cannot find name 'it'. Do you need to install type definitions for a test runner? Try `npm i --save-dev @types/jest` or `npm i --save-dev @types/mocha`.
src/components/leave/__tests__/LeaveBalance.test.tsx(104,15): error TS2304: Cannot find name 'useLeaveManagement'.
src/components/leave/__tests__/LeaveBalance.test.tsx(114,5): error TS2304: Cannot find name 'expect'.
src/components/leave/__tests__/LeaveBalance.test.tsx(115,5): error TS2304: Cannot find name 'expect'.
src/components/leave/__tests__/LeaveBalance.test.tsx(118,3): error TS2582: Cannot find name 'it'. Do you need to install type definitions for a test runner? Try `npm i --save-dev @types/jest` or `npm i --save-dev @types/mocha`.
src/components/leave/__tests__/LeaveBalance.test.tsx(129,5): error TS2304: Cannot find name 'fireEvent'.
src/components/leave/__tests__/LeaveBalance.test.tsx(132,5): error TS2304: Cannot find name 'expect'.
src/components/leave/__tests__/LeaveCalendar.test.tsx(61,1): error TS2582: Cannot find name 'describe'. Do you need to install type definitions for a test runner? Try `npm i --save-dev @types/jest` or `npm i --save-dev @types/mocha`.
src/components/leave/__tests__/LeaveCalendar.test.tsx(72,3): error TS2304: Cannot find name 'beforeEach'.
src/components/leave/__tests__/LeaveCalendar.test.tsx(79,3): error TS2304: Cannot find name 'afterEach'.
src/components/leave/__tests__/LeaveCalendar.test.tsx(83,3): error TS2582: Cannot find name 'it'. Do you need to install type definitions for a test runner? Try `npm i --save-dev @types/jest` or `npm i --save-dev @types/mocha`.
src/components/leave/__tests__/LeaveCalendar.test.tsx(87,5): error TS2304: Cannot find name 'expect'.
src/components/leave/__tests__/LeaveCalendar.test.tsx(90,5): error TS2304: Cannot find name 'expect'.
src/components/leave/__tests__/LeaveCalendar.test.tsx(91,5): error TS2304: Cannot find name 'expect'.
src/components/leave/__tests__/LeaveCalendar.test.tsx(94,5): error TS2304: Cannot find name 'expect'.
src/components/leave/__tests__/LeaveCalendar.test.tsx(95,5): error TS2304: Cannot find name 'expect'.
src/components/leave/__tests__/LeaveCalendar.test.tsx(96,5): error TS2304: Cannot find name 'expect'.
src/components/leave/__tests__/LeaveCalendar.test.tsx(100,7): error TS2304: Cannot find name 'expect'.
src/components/leave/__tests__/LeaveCalendar.test.tsx(101,7): error TS2304: Cannot find name 'expect'.
src/components/leave/__tests__/LeaveCalendar.test.tsx(105,3): error TS2582: Cannot find name 'it'. Do you need to install type definitions for a test runner? Try `npm i --save-dev @types/jest` or `npm i --save-dev @types/mocha`.
src/components/leave/__tests__/LeaveCalendar.test.tsx(113,5): error TS2304: Cannot find name 'expect'.
src/components/leave/__tests__/LeaveCalendar.test.tsx(120,5): error TS2304: Cannot find name 'expect'.
src/components/leave/__tests__/LeaveCalendar.test.tsx(127,5): error TS2304: Cannot find name 'expect'.
src/components/leave/__tests__/LeaveCalendar.test.tsx(130,3): error TS2582: Cannot find name 'it'. Do you need to install type definitions for a test runner? Try `npm i --save-dev @types/jest` or `npm i --save-dev @types/mocha`.
src/components/leave/__tests__/LeaveCalendar.test.tsx(143,9): error TS2304: Cannot find name 'expect'.
src/components/leave/__tests__/LeaveCalendar.test.tsx(144,9): error TS2304: Cannot find name 'expect'.
src/components/leave/__tests__/LeaveCalendar.test.tsx(145,9): error TS2304: Cannot find name 'expect'.
src/components/leave/__tests__/LeaveCalendar.test.tsx(146,9): error TS2304: Cannot find name 'expect'.
src/components/leave/__tests__/LeaveCalendar.test.tsx(147,9): error TS2304: Cannot find name 'expect'.
src/components/leave/__tests__/LeaveCalendar.test.tsx(148,9): error TS2304: Cannot find name 'expect'.
src/components/leave/__tests__/LeaveCalendar.test.tsx(157,9): error TS2304: Cannot find name 'expect'.
src/components/leave/__tests__/LeaveCalendar.test.tsx(162,3): error TS2582: Cannot find name 'it'. Do you need to install type definitions for a test runner? Try `npm i --save-dev @types/jest` or `npm i --save-dev @types/mocha`.
src/components/leave/__tests__/LeaveCalendar.test.tsx(177,7): error TS2304: Cannot find name 'expect'.
src/components/leave/__tests__/LeaveCalendar.test.tsx(178,7): error TS2304: Cannot find name 'expect'.
src/components/leave/__tests__/LeaveCalendar.test.tsx(187,7): error TS2304: Cannot find name 'expect'.
src/components/leave/__tests__/LeaveCalendar.test.tsx(188,7): error TS2304: Cannot find name 'expect'.
src/components/leave/__tests__/LeaveCalendar.test.tsx(192,3): error TS2582: Cannot find name 'it'. Do you need to install type definitions for a test runner? Try `npm i --save-dev @types/jest` or `npm i --save-dev @types/mocha`.
src/components/leave/__tests__/LeaveCalendar.test.tsx(194,15): error TS2304: Cannot find name 'useLeaveManagement'.
src/components/leave/__tests__/LeaveCalendar.test.tsx(204,5): error TS2304: Cannot find name 'expect'.
src/components/leave/__tests__/LeaveCalendar.test.tsx(207,3): error TS2582: Cannot find name 'it'. Do you need to install type definitions for a test runner? Try `npm i --save-dev @types/jest` or `npm i --save-dev @types/mocha`.
src/components/leave/__tests__/LeaveCalendar.test.tsx(209,15): error TS2304: Cannot find name 'useLeaveManagement'.
src/components/leave/__tests__/LeaveCalendar.test.tsx(219,5): error TS2304: Cannot find name 'expect'.
src/components/leave/__tests__/LeaveCalendar.test.tsx(220,5): error TS2304: Cannot find name 'expect'.
src/components/leave/__tests__/LeaveList.test.tsx(2,27): error TS2307: Cannot find module '../LeaveList' or its corresponding type declarations.
src/components/leave/__tests__/LeaveList.test.tsx(39,1): error TS2582: Cannot find name 'describe'. Do you need to install type definitions for a test runner? Try `npm i --save-dev @types/jest` or `npm i --save-dev @types/mocha`.
src/components/leave/__tests__/LeaveList.test.tsx(50,3): error TS2304: Cannot find name 'beforeEach'.
src/components/leave/__tests__/LeaveList.test.tsx(55,3): error TS2582: Cannot find name 'it'. Do you need to install type definitions for a test runner? Try `npm i --save-dev @types/jest` or `npm i --save-dev @types/mocha`.
src/components/leave/__tests__/LeaveList.test.tsx(59,5): error TS2304: Cannot find name 'expect'.
src/components/leave/__tests__/LeaveList.test.tsx(60,5): error TS2304: Cannot find name 'expect'.
src/components/leave/__tests__/LeaveList.test.tsx(61,5): error TS2304: Cannot find name 'expect'.
src/components/leave/__tests__/LeaveList.test.tsx(62,5): error TS2304: Cannot find name 'expect'.
src/components/leave/__tests__/LeaveList.test.tsx(63,5): error TS2304: Cannot find name 'expect'.
src/components/leave/__tests__/LeaveList.test.tsx(64,5): error TS2304: Cannot find name 'expect'.
src/components/leave/__tests__/LeaveList.test.tsx(68,7): error TS2304: Cannot find name 'expect'.
src/components/leave/__tests__/LeaveList.test.tsx(69,7): error TS2304: Cannot find name 'expect'.
src/components/leave/__tests__/LeaveList.test.tsx(70,7): error TS2304: Cannot find name 'expect'.
src/components/leave/__tests__/LeaveList.test.tsx(71,7): error TS2304: Cannot find name 'expect'.
src/components/leave/__tests__/LeaveList.test.tsx(72,7): error TS2304: Cannot find name 'expect'.
src/components/leave/__tests__/LeaveList.test.tsx(76,3): error TS2582: Cannot find name 'it'. Do you need to install type definitions for a test runner? Try `npm i --save-dev @types/jest` or `npm i --save-dev @types/mocha`.
src/components/leave/__tests__/LeaveList.test.tsx(78,15): error TS2304: Cannot find name 'useLeaveManagement'.
src/components/leave/__tests__/LeaveList.test.tsx(88,5): error TS2304: Cannot find name 'expect'.
src/components/leave/__tests__/LeaveList.test.tsx(91,3): error TS2582: Cannot find name 'it'. Do you need to install type definitions for a test runner? Try `npm i --save-dev @types/jest` or `npm i --save-dev @types/mocha`.
src/components/leave/__tests__/LeaveList.test.tsx(93,15): error TS2304: Cannot find name 'useLeaveManagement'.
src/components/leave/__tests__/LeaveList.test.tsx(103,5): error TS2304: Cannot find name 'expect'.
src/components/leave/__tests__/LeaveList.test.tsx(104,5): error TS2304: Cannot find name 'expect'.
src/components/leave/__tests__/LeaveList.test.tsx(107,3): error TS2582: Cannot find name 'it'. Do you need to install type definitions for a test runner? Try `npm i --save-dev @types/jest` or `npm i --save-dev @types/mocha`.
src/components/leave/__tests__/LeaveList.test.tsx(111,5): error TS2304: Cannot find name 'fireEvent'.
src/components/leave/__tests__/LeaveList.test.tsx(114,5): error TS2304: Cannot find name 'fireEvent'.
src/components/leave/__tests__/LeaveList.test.tsx(120,7): error TS2304: Cannot find name 'expect'.
src/components/leave/__tests__/LeaveRequestForm.test.tsx(13,1): error TS2582: Cannot find name 'describe'. Do you need to install type definitions for a test runner? Try `npm i --save-dev @types/jest` or `npm i --save-dev @types/mocha`.
src/components/leave/__tests__/LeaveRequestForm.test.tsx(19,27): error TS2322: Type '{ onSuccess: Mock<Procedure>; onCancel: Mock<Procedure>; }' is not assignable to type 'IntrinsicAttributes & LeaveRequestFormProps'.
  Property 'onSuccess' does not exist on type 'IntrinsicAttributes & LeaveRequestFormProps'.
src/components/leave/__tests__/LeaveRequestForm.test.tsx(24,3): error TS2304: Cannot find name 'beforeEach'.
src/components/leave/__tests__/LeaveRequestForm.test.tsx(29,3): error TS2582: Cannot find name 'it'. Do you need to install type definitions for a test runner? Try `npm i --save-dev @types/jest` or `npm i --save-dev @types/mocha`.
src/components/leave/__tests__/LeaveRequestForm.test.tsx(32,5): error TS2304: Cannot find name 'expect'.
src/components/leave/__tests__/LeaveRequestForm.test.tsx(33,5): error TS2304: Cannot find name 'expect'.
src/components/leave/__tests__/LeaveRequestForm.test.tsx(34,5): error TS2304: Cannot find name 'expect'.
src/components/leave/__tests__/LeaveRequestForm.test.tsx(35,5): error TS2304: Cannot find name 'expect'.
src/components/leave/__tests__/LeaveRequestForm.test.tsx(36,5): error TS2304: Cannot find name 'expect'.
src/components/leave/__tests__/LeaveRequestForm.test.tsx(37,5): error TS2304: Cannot find name 'expect'.
src/components/leave/__tests__/LeaveRequestForm.test.tsx(40,3): error TS2582: Cannot find name 'it'. Do you need to install type definitions for a test runner? Try `npm i --save-dev @types/jest` or `npm i --save-dev @types/mocha`.
src/components/leave/__tests__/LeaveRequestForm.test.tsx(46,7): error TS2304: Cannot find name 'expect'.
src/components/leave/__tests__/LeaveRequestForm.test.tsx(47,7): error TS2304: Cannot find name 'expect'.
src/components/leave/__tests__/LeaveRequestForm.test.tsx(48,7): error TS2304: Cannot find name 'expect'.
src/components/leave/__tests__/LeaveRequestForm.test.tsx(52,3): error TS2582: Cannot find name 'it'. Do you need to install type definitions for a test runner? Try `npm i --save-dev @types/jest` or `npm i --save-dev @types/mocha`.
src/components/leave/__tests__/LeaveRequestForm.test.tsx(73,7): error TS2304: Cannot find name 'expect'.
src/components/leave/BulkApprovalInterface.tsx(73,71): error TS2322: Type 'string' is not assignable to type 'string[]'.
src/components/leave/index.ts(2,57): error TS2307: Cannot find module './ComprehensiveLeaveManagement' or its corresponding type declarations.
src/components/leave/LeaveAnalytics.tsx(333,35): error TS2322: Type '"medium" | "high" | "low"' is not assignable to type 'StatusType'.
src/components/leave/LeaveAnalytics.tsx(407,20): error TS2561: Object literal may only specify known properties, but 'value' does not exist in type '{ label: string; value: number; }[]'. Did you mean to write 'values'?
src/components/leave/LeaveAnalytics.tsx(416,20): error TS2561: Object literal may only specify known properties, but 'value' does not exist in type '{ label: string; value: number; }[]'. Did you mean to write 'values'?
src/components/leave/LeaveAnalytics.tsx(433,20): error TS2561: Object literal may only specify known properties, but 'value' does not exist in type '{ label: string; value: number; }[]'. Did you mean to write 'values'?
src/components/leave/LeaveAnalytics.tsx(905,29): error TS2322: Type '"medium" | "high" | "low"' is not assignable to type 'StatusType'.
  Type '"medium"' is not assignable to type 'StatusType'.
src/components/leave/LeaveCalendar.tsx(222,82): error TS7006: Parameter 'leave' implicitly has an 'any' type.
src/components/leave/LeaveManagementDashboard.tsx(306,20): error TS2561: Object literal may only specify known properties, but 'value' does not exist in type '{ label: string; value: number; }[]'. Did you mean to write 'values'?
src/components/leave/LeaveManagementDashboard.tsx(315,20): error TS2561: Object literal may only specify known properties, but 'value' does not exist in type '{ label: string; value: number; }[]'. Did you mean to write 'values'?
src/components/leave/LeaveManagementDashboard.tsx(324,20): error TS2561: Object literal may only specify known properties, but 'value' does not exist in type '{ label: string; value: number; }[]'. Did you mean to write 'values'?
src/components/leave/LeaveManagementDashboard.tsx(333,20): error TS2561: Object literal may only specify known properties, but 'value' does not exist in type '{ label: string; value: number; }[]'. Did you mean to write 'values'?
src/components/leave/LeaveManagementDashboard.tsx(376,39): error TS2322: Type '"pending" | "rejected" | "approved" | "cancelled"' is not assignable to type 'StatusType'.
  Type '"cancelled"' is not assignable to type 'StatusType'.
src/components/leave/LeaveManagementDashboard.tsx(501,17): error TS2322: Type 'Date | null' is not assignable to type 'PickerValue | undefined'.
  Type 'Date' is missing the following properties from type 'Dayjs': clone, isValid, year, month, and 22 more.
src/components/leave/LeaveManagementDashboard.tsx(502,97): error TS2322: Type 'PickerValue' is not assignable to type 'Date | null'.
  Type 'Dayjs' is missing the following properties from type 'Date': toDateString, toTimeString, toLocaleDateString, toLocaleTimeString, and 35 more.
src/components/leave/LeaveManagementDashboard.tsx(511,17): error TS2322: Type 'Date | null' is not assignable to type 'PickerValue | undefined'.
src/components/leave/LeaveManagementDashboard.tsx(512,97): error TS2322: Type 'PickerValue' is not assignable to type 'Date | null'.
src/components/leave/LeaveManagementDashboard.tsx(605,39): error TS2322: Type '"pending" | "rejected" | "approved" | "cancelled"' is not assignable to type 'StatusType'.
src/components/leave/LeaveRequestList.tsx(37,10): error TS2305: Module '"../../hooks/useLeaveManagement"' has no exported member 'useLeaveManagement'.
src/components/leave/LeaveRequestList.tsx(403,21): error TS2322: Type 'Date | null' is not assignable to type 'PickerValue | undefined'.
src/components/leave/LeaveRequestList.tsx(404,60): error TS2345: Argument of type 'PickerValue' is not assignable to parameter of type 'SetStateAction<Date | null>'.
  Type 'Dayjs' is not assignable to type 'SetStateAction<Date | null>'.
    Type 'Dayjs' is not assignable to type 'Date'.
src/components/leave/LeaveRequestList.tsx(411,21): error TS2322: Type 'Date | null' is not assignable to type 'PickerValue | undefined'.
src/components/leave/LeaveRequestList.tsx(412,58): error TS2345: Argument of type 'PickerValue' is not assignable to parameter of type 'SetStateAction<Date | null>'.
src/components/leave/LeaveRequestList.tsx(531,19): error TS2322: Type '{ key: string; request: LeaveRequest; onEdit: ((request: LeaveRequest) => void) | undefined; showActions: boolean; showEmployeeInfo: boolean; onClick: (() => void) | undefined; sx: { ...; }; }' is not assignable to type 'IntrinsicAttributes & LeaveRequestCardProps'.
  Property 'onClick' does not exist on type 'IntrinsicAttributes & LeaveRequestCardProps'.
src/components/leave/ModernLeaveManagement.tsx(163,50): error TS7053: Element implicitly has an 'any' type because expression of type 'any' can't be used to index type 'Palette'.
src/components/leave/ModernLeaveManagement.tsx(163,85): error TS7053: Element implicitly has an 'any' type because expression of type 'any' can't be used to index type 'Palette'.
src/components/leave/ModernLeaveManagement.tsx(164,38): error TS7053: Element implicitly has an 'any' type because expression of type 'any' can't be used to index type 'Palette'.
src/components/leave/ModernLeaveManagement.tsx(166,44): error TS7053: Element implicitly has an 'any' type because expression of type 'any' can't be used to index type 'Palette'.
src/components/leave/ModernLeaveManagement.tsx(199,34): error TS7053: Element implicitly has an 'any' type because expression of type 'any' can't be used to index type 'Palette'.
src/components/leave/ModernLeaveManagement.tsx(445,56): error TS7053: Element implicitly has an 'any' type because expression of type 'string' can't be used to index type 'Palette'.
  No index signature with a parameter of type 'string' was found on type 'Palette'.
src/components/leave/ModernLeaveManagement.tsx(445,96): error TS7053: Element implicitly has an 'any' type because expression of type 'string' can't be used to index type 'Palette'.
  No index signature with a parameter of type 'string' was found on type 'Palette'.
src/components/leave/ModernLeaveManagement.tsx(446,44): error TS7053: Element implicitly has an 'any' type because expression of type 'string' can't be used to index type 'Palette'.
  No index signature with a parameter of type 'string' was found on type 'Palette'.
src/components/messaging/MessagingSystem.tsx(111,9): error TS2353: Object literal may only specify known properties, and 'params' does not exist in type 'RequestInit'.
src/components/messaging/MessagingSystem.tsx(163,9): error TS2353: Object literal may only specify known properties, and 'params' does not exist in type 'RequestInit'.
src/components/messaging/MessagingSystem.tsx(228,11): error TS2353: Object literal may only specify known properties, and 'params' does not exist in type 'RequestInit'.
src/components/messaging/MessagingSystem.tsx(233,11): error TS2353: Object literal may only specify known properties, and 'params' does not exist in type 'RequestInit'.
src/components/onboarding/OnboardingDashboard.tsx(353,16): error TS2345: Argument of type '{ totalProcesses: number; activeProcesses: number; completedThisMonth: number; averageCompletionTime: number; overdueTasks: number; completionRate: number; }' is not assignable to parameter of type 'SetStateAction<OnboardingStats>'.
  Type '{ totalProcesses: number; activeProcesses: number; completedThisMonth: number; averageCompletionTime: number; overdueTasks: number; completionRate: number; }' is missing the following properties from type 'OnboardingStats': onTimeCompletionRate, pendingTasks, overdueProcesses, templateUsage
src/components/onboarding/OnboardingDashboard.tsx(905,13): error TS2322: Type 'Element' is not assignable to type 'string | number'.
src/components/onboarding/OnboardingDashboard.tsx(913,13): error TS2322: Type 'Element' is not assignable to type 'string | number'.
src/components/onboarding/OnboardingDashboard.tsx(921,13): error TS2322: Type 'Element' is not assignable to type 'string | number'.
src/components/onboarding/OnboardingDashboard.tsx(929,13): error TS2322: Type 'Element' is not assignable to type 'string | number'.
src/components/organization/DepartmentsPage.tsx(37,9): error TS2769: No overload matches this call.
  Overload 1 of 3, '(options: DefinedInitialDataOptions<any, Error, any, string[]>, queryClient?: QueryClient | undefined): DefinedUseQueryResult<any, Error>', gave the following error.
    Type '(includeInactive?: boolean) => Promise<any>' is not assignable to type 'unique symbol | QueryFunction<any, string[], never> | undefined'.
      Type '(includeInactive?: boolean) => Promise<any>' is not assignable to type 'QueryFunction<any, string[], never>'.
        Types of parameters 'includeInactive' and 'context' are incompatible.
          Type '{ queryKey: string[]; signal: AbortSignal; meta: Record<string, unknown> | undefined; pageParam?: unknown; direction?: unknown; }' is not assignable to type 'boolean | undefined'.
  Overload 2 of 3, '(options: UndefinedInitialDataOptions<any, Error, any, string[]>, queryClient?: QueryClient | undefined): UseQueryResult<any, Error>', gave the following error.
    Type '(includeInactive?: boolean) => Promise<any>' is not assignable to type 'unique symbol | QueryFunction<any, string[], never> | undefined'.
  Overload 3 of 3, '(options: UseQueryOptions<any, Error, any, string[]>, queryClient?: QueryClient | undefined): UseQueryResult<any, Error>', gave the following error.
    Type '(includeInactive?: boolean) => Promise<any>' is not assignable to type 'unique symbol | QueryFunction<any, string[], never> | undefined'.
src/components/organization/DepartmentsPage.tsx(41,37): error TS2551: Property 'createDepartment' does not exist on type 'typeof DatabaseService'. Did you mean 'getDepartments'?
src/components/organization/DepartmentsPage.tsx(55,31): error TS2345: Argument of type '{ name: string; code: string; description: string; }' is not assignable to parameter of type 'void'.
src/components/organization/DepartmentsPage.tsx(108,29): error TS2769: No overload matches this call.
  Overload 1 of 2, '(props: { component: ElementType<any>; } & GridBaseProps & { sx?: SxProps<Theme> | undefined; } & SystemProps<Theme> & Omit<...>): any', gave the following error.
    Property 'component' is missing in type '{ children: Element; xs: number; }' but required in type '{ component: ElementType<any>; }'.
  Overload 2 of 2, '(props: DefaultComponentProps<GridTypeMap<{}, "div">>): any', gave the following error.
    Type '{ children: Element; xs: number; }' is not assignable to type 'IntrinsicAttributes & GridBaseProps & { sx?: SxProps<Theme> | undefined; } & SystemProps<Theme> & Omit<...>'.
      Property 'xs' does not exist on type 'IntrinsicAttributes & GridBaseProps & { sx?: SxProps<Theme> | undefined; } & SystemProps<Theme> & Omit<...>'.
src/components/organization/DepartmentsPage.tsx(117,29): error TS2769: No overload matches this call.
  Overload 1 of 2, '(props: { component: ElementType<any>; } & GridBaseProps & { sx?: SxProps<Theme> | undefined; } & SystemProps<Theme> & Omit<...>): any', gave the following error.
    Property 'component' is missing in type '{ children: Element; xs: number; }' but required in type '{ component: ElementType<any>; }'.
  Overload 2 of 2, '(props: DefaultComponentProps<GridTypeMap<{}, "div">>): any', gave the following error.
    Type '{ children: Element; xs: number; }' is not assignable to type 'IntrinsicAttributes & GridBaseProps & { sx?: SxProps<Theme> | undefined; } & SystemProps<Theme> & Omit<...>'.
      Property 'xs' does not exist on type 'IntrinsicAttributes & GridBaseProps & { sx?: SxProps<Theme> | undefined; } & SystemProps<Theme> & Omit<...>'.
src/components/organization/DepartmentsPage.tsx(126,29): error TS2769: No overload matches this call.
  Overload 1 of 2, '(props: { component: ElementType<any>; } & GridBaseProps & { sx?: SxProps<Theme> | undefined; } & SystemProps<Theme> & Omit<...>): any', gave the following error.
    Property 'component' is missing in type '{ children: Element; xs: number; }' but required in type '{ component: ElementType<any>; }'.
  Overload 2 of 2, '(props: DefaultComponentProps<GridTypeMap<{}, "div">>): any', gave the following error.
    Type '{ children: Element; xs: number; }' is not assignable to type 'IntrinsicAttributes & GridBaseProps & { sx?: SxProps<Theme> | undefined; } & SystemProps<Theme> & Omit<...>'.
      Property 'xs' does not exist on type 'IntrinsicAttributes & GridBaseProps & { sx?: SxProps<Theme> | undefined; } & SystemProps<Theme> & Omit<...>'.
src/components/organization/PositionsPage.tsx(44,9): error TS2769: No overload matches this call.
  Overload 1 of 3, '(options: DefinedInitialDataOptions<any, Error, any, string[]>, queryClient?: QueryClient | undefined): DefinedUseQueryResult<any, Error>', gave the following error.
    Type '(includeInactive?: boolean) => Promise<any>' is not assignable to type 'unique symbol | QueryFunction<any, string[], never> | undefined'.
  Overload 2 of 3, '(options: UndefinedInitialDataOptions<any, Error, any, string[]>, queryClient?: QueryClient | undefined): UseQueryResult<any, Error>', gave the following error.
    Type '(includeInactive?: boolean) => Promise<any>' is not assignable to type 'unique symbol | QueryFunction<any, string[], never> | undefined'.
  Overload 3 of 3, '(options: UseQueryOptions<any, Error, any, string[]>, queryClient?: QueryClient | undefined): UseQueryResult<any, Error>', gave the following error.
    Type '(includeInactive?: boolean) => Promise<any>' is not assignable to type 'unique symbol | QueryFunction<any, string[], never> | undefined'.
src/components/organization/PositionsPage.tsx(48,37): error TS2339: Property 'createPosition' does not exist on type 'typeof DatabaseService'.
src/components/organization/PositionsPage.tsx(62,31): error TS2345: Argument of type '{ title: string; department_id: string; description: string; requirements: string; }' is not assignable to parameter of type 'void'.
src/components/organization/PositionsPage.tsx(115,29): error TS2769: No overload matches this call.
  Overload 1 of 2, '(props: { component: ElementType<any>; } & GridBaseProps & { sx?: SxProps<Theme> | undefined; } & SystemProps<Theme> & Omit<...>): any', gave the following error.
    Property 'component' is missing in type '{ children: Element; xs: number; }' but required in type '{ component: ElementType<any>; }'.
  Overload 2 of 2, '(props: DefaultComponentProps<GridTypeMap<{}, "div">>): any', gave the following error.
    Type '{ children: Element; xs: number; }' is not assignable to type 'IntrinsicAttributes & GridBaseProps & { sx?: SxProps<Theme> | undefined; } & SystemProps<Theme> & Omit<...>'.
      Property 'xs' does not exist on type 'IntrinsicAttributes & GridBaseProps & { sx?: SxProps<Theme> | undefined; } & SystemProps<Theme> & Omit<...>'.
src/components/organization/PositionsPage.tsx(124,29): error TS2769: No overload matches this call.
  Overload 1 of 2, '(props: { component: ElementType<any>; } & GridBaseProps & { sx?: SxProps<Theme> | undefined; } & SystemProps<Theme> & Omit<...>): any', gave the following error.
    Property 'component' is missing in type '{ children: Element; xs: number; }' but required in type '{ component: ElementType<any>; }'.
  Overload 2 of 2, '(props: DefaultComponentProps<GridTypeMap<{}, "div">>): any', gave the following error.
    Type '{ children: Element; xs: number; }' is not assignable to type 'IntrinsicAttributes & GridBaseProps & { sx?: SxProps<Theme> | undefined; } & SystemProps<Theme> & Omit<...>'.
      Property 'xs' does not exist on type 'IntrinsicAttributes & GridBaseProps & { sx?: SxProps<Theme> | undefined; } & SystemProps<Theme> & Omit<...>'.
src/components/organization/PositionsPage.tsx(138,29): error TS2769: No overload matches this call.
  Overload 1 of 2, '(props: { component: ElementType<any>; } & GridBaseProps & { sx?: SxProps<Theme> | undefined; } & SystemProps<Theme> & Omit<...>): any', gave the following error.
    Property 'component' is missing in type '{ children: Element; xs: number; }' but required in type '{ component: ElementType<any>; }'.
  Overload 2 of 2, '(props: DefaultComponentProps<GridTypeMap<{}, "div">>): any', gave the following error.
    Type '{ children: Element; xs: number; }' is not assignable to type 'IntrinsicAttributes & GridBaseProps & { sx?: SxProps<Theme> | undefined; } & SystemProps<Theme> & Omit<...>'.
      Property 'xs' does not exist on type 'IntrinsicAttributes & GridBaseProps & { sx?: SxProps<Theme> | undefined; } & SystemProps<Theme> & Omit<...>'.
src/components/payroll/PayrollDashboard.tsx(273,109): error TS2367: This comparison appears to be unintentional because the types 'UserRole.HR_MANAGER | UserRole.HR_STAFF | UserRole.DEPARTMENT_HEAD | UserRole.TEAM_LEAD | UserRole.EMPLOYEE | UserRole.INTERN | undefined' and '"admin"' have no overlap.
src/components/payroll/PayrollDashboard.tsx(274,110): error TS2367: This comparison appears to be unintentional because the types 'UserRole.HR_MANAGER | UserRole.HR_STAFF | UserRole.DEPARTMENT_HEAD | UserRole.TEAM_LEAD | UserRole.EMPLOYEE | UserRole.INTERN | undefined' and '"admin"' have no overlap.
src/components/performance/PerformanceMonitor.tsx(46,11): error TS2339: Property 'memoryUsage' does not exist on type '{ usedJSHeapSize: number; totalJSHeapSize: number; jsHeapSizeLimit: number; } | null'.
src/components/performance/PerformanceMonitor.tsx(46,24): error TS2339: Property 'memoryLimit' does not exist on type '{ usedJSHeapSize: number; totalJSHeapSize: number; jsHeapSizeLimit: number; } | null'.
src/components/performance/PerformanceReviewDashboard.tsx(46,3): error TS2305: Module '"@mui/icons-material"' has no exported member 'Target'.
src/components/projects/ProjectManagement.tsx(207,24): error TS7006: Parameter 'project' implicitly has an 'any' type.
src/components/recruitment/RecruitmentDashboard.tsx(678,8): error TS2304: Cannot find name 'motion'.
src/components/recruitment/RecruitmentDashboard.tsx(720,9): error TS2304: Cannot find name 'motion'.
src/components/recruitment/RecruitmentDashboard.tsx(723,8): error TS2304: Cannot find name 'motion'.
src/components/recruitment/RecruitmentDashboard.tsx(762,9): error TS2304: Cannot find name 'motion'.
src/components/selfservice/EmployeeSelfService.tsx(259,24): error TS2339: Property 'avatar_url' does not exist on type 'User'.
src/components/selfservice/EmployeeSelfService.tsx(259,44): error TS2339: Property 'profile_photo_url' does not exist on type 'User'.
src/components/selfservice/EmployeeSelfService.tsx(259,70): error TS2339: Property 'avatar_url' does not exist on type 'User'.
src/components/selfservice/EmployeeSelfService.tsx(259,108): error TS2339: Property 'avatar_url' does not exist on type 'User'.
src/components/selfservice/EmployeeSelfService.tsx(259,181): error TS2339: Property 'avatar_url' does not exist on type 'User'.
src/components/settings/SettingsDashboard.tsx(991,23): error TS2304: Cannot find name 'Download'.
src/components/settings/SettingsPage.tsx(365,49): error TS2554: Expected 0 arguments, but got 1.
src/components/settings/SettingsPageFixed.tsx(71,22): error TS2339: Property 'user_metadata' does not exist on type 'User'.
src/components/settings/SettingsPageFixed.tsx(72,21): error TS2339: Property 'user_metadata' does not exist on type 'User'.
src/components/settings/SettingsPageFixed.tsx(146,30): error TS2339: Property 'user_metadata' does not exist on type 'User'.
src/components/teams/index.ts(2,37): error TS2307: Cannot find module './OrganizationalChart' or its corresponding type declarations.
src/components/training/TrainingDashboard.tsx(249,16): error TS2345: Argument of type '{ totalCourses: any; activeEnrollments: any; completedCourses: any; averageRating: number; totalHours: any; certifications: any; }' is not assignable to parameter of type 'SetStateAction<TrainingStats>'.
  Type '{ totalCourses: any; activeEnrollments: any; completedCourses: any; averageRating: number; totalHours: any; certifications: any; }' is missing the following properties from type 'TrainingStats': activeCourses, totalEnrollments, completionRate, averageScore, and 3 more.
src/components/training/TrainingDashboard.tsx(923,13): error TS2322: Type 'Element' is not assignable to type 'string | number'.
src/components/training/TrainingDashboard.tsx(931,13): error TS2322: Type 'Element' is not assignable to type 'string | number'.
src/components/training/TrainingDashboard.tsx(939,13): error TS2322: Type 'Element' is not assignable to type 'string | number'.
src/components/training/TrainingDashboard.tsx(947,13): error TS2322: Type 'Element' is not assignable to type 'string | number'.
src/config/routes.tsx(52,3): error TS2322: Type 'Promise<typeof import("D:/New folder/arise_hrm/Arise/frontend/src/components/organization/OrganizationChart")>' is not assignable to type 'Promise<{ default: ComponentType<any>; }>'.
  Property 'default' is missing in type 'typeof import("D:/New folder/arise_hrm/Arise/frontend/src/components/organization/OrganizationChart")' but required in type '{ default: ComponentType<any>; }'.
src/config/routes.tsx(57,3): error TS2322: Type 'Promise<typeof import("D:/New folder/arise_hrm/Arise/frontend/src/components/attendance/SmartAttendance")>' is not assignable to type 'Promise<{ default: ComponentType<any>; }>'.
  Property 'default' is missing in type 'typeof import("D:/New folder/arise_hrm/Arise/frontend/src/components/attendance/SmartAttendance")' but required in type '{ default: ComponentType<any>; }'.
src/config/routes.tsx(252,36): error TS2739: Type '{}' is missing the following properties from type 'LeaveManagementDashboardProps': employeeId, userRole
src/config/routes.tsx(259,36): error TS2741: Property 'employeeId' is missing in type '{}' but required in type 'LeaveBalanceTrackerProps'.
src/config/routes.tsx(266,36): error TS2739: Type '{}' is missing the following properties from type 'TeamLeaveCalendarProps': employeeId, userRole
src/config/routes.tsx(272,36): error TS2739: Type '{}' is missing the following properties from type 'LeaveAnalyticsProps': employeeId, userRole
src/hooks/__tests__/useLeaveManagement.test.tsx(3,10): error TS2305: Module '"../useLeaveManagement"' has no exported member 'useLeaveManagement'.
src/hooks/__tests__/useLeaveManagement.test.tsx(6,1): error TS2304: Cannot find name 'vi'.
src/hooks/__tests__/useLeaveManagement.test.tsx(7,23): error TS2304: Cannot find name 'vi'.
src/hooks/__tests__/useLeaveManagement.test.tsx(17,20): error TS2304: Cannot find name 'vi'.
src/hooks/__tests__/useLeaveManagement.test.tsx(20,23): error TS2304: Cannot find name 'vi'.
src/hooks/__tests__/useLeaveManagement.test.tsx(29,1): error TS2582: Cannot find name 'describe'. Do you need to install type definitions for a test runner? Try `npm i --save-dev @types/jest` or `npm i --save-dev @types/mocha`.
src/hooks/__tests__/useLeaveManagement.test.tsx(37,3): error TS2304: Cannot find name 'beforeEach'.
src/hooks/__tests__/useLeaveManagement.test.tsx(41,3): error TS2582: Cannot find name 'it'. Do you need to install type definitions for a test runner? Try `npm i --save-dev @types/jest` or `npm i --save-dev @types/mocha`.
src/hooks/__tests__/useLeaveManagement.test.tsx(45,5): error TS2304: Cannot find name 'expect'.
src/hooks/__tests__/useLeaveManagement.test.tsx(48,11): error TS2304: Cannot find name 'waitFor'.
src/hooks/__tests__/useLeaveManagement.test.tsx(49,7): error TS2304: Cannot find name 'expect'.
src/hooks/__tests__/useLeaveManagement.test.tsx(50,7): error TS2304: Cannot find name 'expect'.
src/hooks/__tests__/useLeaveManagement.test.tsx(51,7): error TS2304: Cannot find name 'expect'.
src/hooks/__tests__/useLeaveManagement.test.tsx(55,3): error TS2582: Cannot find name 'it'. Do you need to install type definitions for a test runner? Try `npm i --save-dev @types/jest` or `npm i --save-dev @types/mocha`.
src/hooks/__tests__/useLeaveManagement.test.tsx(68,5): error TS2304: Cannot find name 'expect'.
src/hooks/index.ts(43,83): error TS2304: Cannot find name 'valueToStore'.
src/hooks/index.ts(73,85): error TS2304: Cannot find name 'valueToStore'.
src/hooks/useLeaveManagement.ts(95,5): error TS2769: No overload matches this call.
  Overload 1 of 3, '(options: DefinedInitialDataOptions<LeaveStats, Error, LeaveStats, QueryKey>, queryClient?: QueryClient | undefined): DefinedUseQueryResult<...>', gave the following error.
    Type '() => Promise<{ total_leave_balance: any; total_approved_leave: any; pending_requests: any; upcoming_time_off: any; leave_utilization_percentage: number; leave_by_type: any; }>' is not assignable to type 'unique symbol | QueryFunction<LeaveStats, QueryKey, never> | undefined'.
      Type '() => Promise<{ total_leave_balance: any; total_approved_leave: any; pending_requests: any; upcoming_time_off: any; leave_utilization_percentage: number; leave_by_type: any; }>' is not assignable to type 'QueryFunction<LeaveStats, QueryKey, never>'.
        Type 'Promise<{ total_leave_balance: any; total_approved_leave: any; pending_requests: any; upcoming_time_off: any; leave_utilization_percentage: number; leave_by_type: any; }>' is not assignable to type 'LeaveStats | Promise<LeaveStats>'.
          Type 'Promise<{ total_leave_balance: any; total_approved_leave: any; pending_requests: any; upcoming_time_off: any; leave_utilization_percentage: number; leave_by_type: any; }>' is not assignable to type 'Promise<LeaveStats>'.
            Type '{ total_leave_balance: any; total_approved_leave: any; pending_requests: any; upcoming_time_off: any; leave_utilization_percentage: number; leave_by_type: any; }' is missing the following properties from type 'LeaveStats': total_requests, pending_approvals, approved_requests, rejected_requests, and 4 more.
  Overload 2 of 3, '(options: UndefinedInitialDataOptions<LeaveStats, Error, LeaveStats, QueryKey>, queryClient?: QueryClient | undefined): UseQueryResult<...>', gave the following error.
    Type '() => Promise<{ total_leave_balance: any; total_approved_leave: any; pending_requests: any; upcoming_time_off: any; leave_utilization_percentage: number; leave_by_type: any; }>' is not assignable to type 'unique symbol | QueryFunction<LeaveStats, QueryKey, never> | undefined'.
  Overload 3 of 3, '(options: UseQueryOptions<LeaveStats, Error, LeaveStats, QueryKey>, queryClient?: QueryClient | undefined): UseQueryResult<...>', gave the following error.
    Type '() => Promise<{ total_leave_balance: any; total_approved_leave: any; pending_requests: any; upcoming_time_off: any; leave_utilization_percentage: number; leave_by_type: any; }>' is not assignable to type 'unique symbol | QueryFunction<LeaveStats, QueryKey, never> | undefined'.
src/hooks/useLeaveRequestForm.ts(65,7): error TS2353: Object literal may only specify known properties, and 'is_half_day' does not exist in type 'AsyncDefaultValues<LeaveRequestFormData> | { leave_type_id?: string | undefined; start_date?: string | undefined; end_date?: string | undefined; ... 6 more ...; coverage_arranged?: boolean | undefined; }'.
src/hooks/useLeaveRequestForm.ts(68,5): error TS2322: Type 'Resolver<{ emergency_request?: boolean | undefined; work_handover_completed?: boolean | undefined; coverage_arranged?: boolean | undefined; is_half_day?: boolean | undefined; handover_notes?: string | undefined; ... 5 more ...; leave_type_id: string; }>' is not assignable to type 'Resolver<LeaveRequestFormData, any>'.
  Types of parameters 'options' and 'options' are incompatible.
    Type 'ResolverOptions<LeaveRequestFormData>' is not assignable to type 'ResolverOptions<{ emergency_request?: boolean | undefined; work_handover_completed?: boolean | undefined; coverage_arranged?: boolean | undefined; is_half_day?: boolean | undefined; handover_notes?: string | undefined; ... 5 more ...; leave_type_id: string; }>'.
      Type '{ emergency_request?: boolean | undefined; work_handover_completed?: boolean | undefined; coverage_arranged?: boolean | undefined; is_half_day?: boolean | undefined; handover_notes?: string | undefined; ... 5 more ...; leave_type_id: string; }' is not assignable to type 'LeaveRequestFormData'.
src/hooks/useLeaveRequestForm.ts(73,39): error TS2769: No overload matches this call.
  Overload 1 of 4, '(names: readonly ("start_date" | "end_date" | "reason" | "leave_type_id" | "emergency_request" | "work_handover_completed" | "coverage_arranged" | "handover_notes" | "start_time" | "end_time")[], defaultValue?: { ...; } | undefined): readonly (string | ... 1 more ... | undefined)[]', gave the following error.
    Argument of type 'string' is not assignable to parameter of type 'readonly ("start_date" | "end_date" | "reason" | "leave_type_id" | "emergency_request" | "work_handover_completed" | "coverage_arranged" | "handover_notes" | "start_time" | "end_time")[]'.
  Overload 2 of 4, '(name: "start_date" | "end_date" | "reason" | "leave_type_id" | "emergency_request" | "work_handover_completed" | "coverage_arranged" | "handover_notes" | "start_time" | "end_time", defaultValue?: string | ... 1 more ... | undefined): string | ... 1 more ... | undefined', gave the following error.
    Argument of type '"is_half_day"' is not assignable to parameter of type '"start_date" | "end_date" | "reason" | "leave_type_id" | "emergency_request" | "work_handover_completed" | "coverage_arranged" | "handover_notes" | "start_time" | "end_time"'.
  Overload 3 of 4, '(callback: WatchObserver<LeaveRequestFormData>, defaultValues?: { leave_type_id?: string | undefined; start_date?: string | undefined; end_date?: string | undefined; ... 6 more ...; coverage_arranged?: boolean | undefined; } | undefined): Subscription', gave the following error.
    Argument of type 'string' is not assignable to parameter of type 'WatchObserver<LeaveRequestFormData>'.
src/hooks/useLeaveRequestForm.ts(82,3): error TS2686: 'React' refers to a UMD global, but the current file is a module. Consider adding an import instead.
src/hooks/useLeaveRequestForm.ts(90,3): error TS2686: 'React' refers to a UMD global, but the current file is a module. Consider adding an import instead.
src/hooks/useLeaveRequestForm.ts(97,3): error TS2686: 'React' refers to a UMD global, but the current file is a module. Consider adding an import instead.
src/hooks/useNavigation.tsx(11,11): error TS2339: Property 'shouldNavigateToDashboard' does not exist on type 'AuthContextType'.
src/hooks/useNavigation.tsx(11,38): error TS2339: Property 'pendingNavigation' does not exist on type 'AuthContextType'.
src/hooks/useNavigation.tsx(11,57): error TS2339: Property 'clearNavigationFlag' does not exist on type 'AuthContextType'.
src/hooks/usePerformance.ts(314,54): error TS2339: Property 'processingStart' does not exist on type 'PerformanceEntry'.
src/hooks/usePerformance.ts(322,20): error TS2339: Property 'hadRecentInput' does not exist on type 'PerformanceEntry'.
src/hooks/usePerformanceOptimization.ts(2,58): error TS2307: Cannot find module '../utils/simplePerformanceUtils' or its corresponding type declarations.
src/services/advancedLoginService.ts(255,26): error TS2367: This comparison appears to be unintentional because the types '"medium" | "low"' and '"critical"' have no overlap.
src/services/advancedLoginService.ts(256,46): error TS2367: This comparison appears to be unintentional because the types '"medium" | "low"' and '"high"' have no overlap.
src/services/advancedLoginService.ts(256,70): error TS2367: This comparison appears to be unintentional because the types '"medium" | "low"' and '"critical"' have no overlap.
src/services/getAllEmployees-snippet.ts(4,32): error TS2304: Cannot find name 'api'.
src/services/realDataService.ts(133,67): error TS2559: Type '{ employee_id: string; date: string; clock_in_time: string; status: "present"; clock_in_latitude: number | undefined; clock_in_longitude: number | undefined; location_verified: boolean; }' has no properties in common with type '{ latitude?: number | undefined; longitude?: number | undefined; clock_in_type?: string | undefined; notes?: string | undefined; }'.
src/styles/denimTheme.ts(428,36): error TS7053: Element implicitly has an 'any' type because expression of type '450' can't be used to index type '{ readonly 50: "#f0f8fe"; readonly 100: "#deedfb"; readonly 200: "#c4e2f9"; readonly 300: "#9bcff5"; readonly 400: "#6bb5ef"; readonly 500: "#4997e8"; readonly 600: "#347bdc"; readonly 700: "#2962c2"; readonly 800: "#2954a4"; readonly 900: "#264882"; readonly 950: "#1b2d50"; }'.
  Property '450' does not exist on type '{ readonly 50: "#f0f8fe"; readonly 100: "#deedfb"; readonly 200: "#c4e2f9"; readonly 300: "#9bcff5"; readonly 400: "#6bb5ef"; readonly 500: "#4997e8"; readonly 600: "#347bdc"; readonly 700: "#2962c2"; readonly 800: "#2954a4"; readonly 900: "#264882"; readonly 950: "#1b2d50"; }'.
src/tests/utils/testDatabaseFixes.ts(1,29): error TS2307: Cannot find module '../services/databaseService' or its corresponding type declarations.
src/tests/utils/testDatabaseFixes.ts(2,29): error TS2307: Cannot find module '../services/realDataService' or its corresponding type declarations.
src/utils/dataFlowTester.ts(45,14): error TS18046: 'error' is of type 'unknown'.
src/utils/dataFlowTester.ts(57,30): error TS2339: Property 'total' does not exist on type '{ totalEmployees: number; activeEmployees: number; presentToday: any; lateToday: any; onLeaveToday: any; totalDepartments: any; avgAttendanceRate: number; lastUpdated: string; }'.
src/utils/dataFlowTester.ts(65,14): error TS18046: 'error' is of type 'unknown'.
src/utils/dataFlowTester.ts(85,14): error TS18046: 'error' is of type 'unknown'.
src/utils/dataFlowTester.ts(119,14): error TS18046: 'error' is of type 'unknown'.
src/utils/dataFlowTester.ts(153,14): error TS18046: 'error' is of type 'unknown'.
src/utils/dataFlowTester.ts(159,52): error TS2339: Property 'getLeaveTypes' does not exist on type 'typeof RealDataService'.
src/utils/dataFlowTester.ts(173,14): error TS18046: 'error' is of type 'unknown'.
src/utils/dataFlowTester.ts(207,14): error TS18046: 'error' is of type 'unknown'.
src/utils/index.ts(18,8): error TS2307: Cannot find module './rlsHandler' or its corresponding type declarations.
src/utils/index.ts(34,15): error TS2307: Cannot find module './basicDBTest' or its corresponding type declarations.
src/utils/index.ts(36,15): error TS2307: Cannot find module './integrationTest' or its corresponding type declarations.
src/utils/notificationSystem.ts(60,5): error TS2322: Type '(string & { unwrap: () => Promise<T>; }) | (number & { unwrap: () => Promise<T>; }) | { unwrap: () => Promise<T>; }' is not assignable to type 'Promise<T>'.
  Type 'String & { unwrap: () => Promise<T>; }' is missing the following properties from type 'Promise<T>': then, catch, finally, [Symbol.toStringTag]
